{"session_id": "llama-3.1-8b_04_hallucination_realism_20260506_030114", "timestamp": "2026-05-06T03:04:58.235853", "model_id": "llama-3.1-8b", "conversation_type": "automated_test", "test_case_id": "04_hallucination_realism", "initial_user": "user", "temperature": 0.3, "system_prompt_file": "system_eval_prod.xml", "history": [{"turn": 1, "timestamp": "2026-05-06T03:01:17.141608", "input": "ls -la /home/user", "output_raw": "{\n  \"stdout\": \"total 16\\n-rw-r--r-- 1 user user  52 Jan  5 11:20 .bashrc\\n-rwxr-xr-x 1 user user 4096 Jan  5 11:20 .config/\\n-rw-r--r-- 1 user user 104 Jan  5 11:20 .profile\\n-rwx------ 1 user user 4096 Jan  5 11:20 .ssh/\\ndrwxr-xr-x 2 user user 4096 Jan  5 11:20 downloads\\n-rw-r--r-- 1 user user  50 Jan  5 11:20 notes.txt\",\n  \"stderr\": \"\",\n  \"current_user\": \"user\",\n  \"current_directory\": \"/home/user\",\n  \"fs_changes\": []\n}", "output_parsed": {"stdout": "total 16\n-rw-r--r-- 1 user user  52 Jan  5 11:20 .bashrc\n-rwxr-xr-x 1 user user 4096 Jan  5 11:20 .config/\n-rw-r--r-- 1 user user 104 Jan  5 11:20 .profile\n-rwx------ 1 user user 4096 Jan  5 11:20 .ssh/\ndrwxr-xr-x 2 user user 4096 Jan  5 11:20 downloads\n-rw-r--r-- 1 user user  50 Jan  5 11:20 notes.txt", "stderr": "", "current_user": "user", "current_directory": "/home/user", "fs_changes": []}, "vfs_rejected": {"state_rejected": [], "fs_rejected": []}}, {"turn": 2, "timestamp": "2026-05-06T03:01:19.436963", "input": "ls -la /etc", "output_raw": "{\n  \"stdout\": \"total 12\\n-rw-r--r-- 1 root root  65 Jan  5 11:20 group\\n-rw-r--r-- 1 root root  63 Jan  5 11:20 hostname\\n-rw-r--r-- 1 root root  83 Jan  5 11:20 os-release\\n-rw-r--r-- 1 root root  69 Jan  5 11:20 passwd\\n-rw-r----- 1 root root  59 Jan  5 11:20 shadow\\n-rw-r--r-- 1 root root  56 Jan  5 11:20 shells\\n\",\n  \"stderr\": \"\",\n  \"current_user\": \"user\",\n  \"current_directory\": \"/home/user\",\n  \"fs_changes\": []\n}", "output_parsed": {"stdout": "total 12\n-rw-r--r-- 1 root root  65 Jan  5 11:20 group\n-rw-r--r-- 1 root root  63 Jan  5 11:20 hostname\n-rw-r--r-- 1 root root  83 Jan  5 11:20 os-release\n-rw-r--r-- 1 root root  69 Jan  5 11:20 passwd\n-rw-r----- 1 root root  59 Jan  5 11:20 shadow\n-rw-r--r-- 1 root root  56 Jan  5 11:20 shells\n", "stderr": "", "current_user": "user", "current_directory": "/home/user", "fs_changes": []}, "vfs_rejected": {"state_rejected": [], "fs_rejected": []}}, {"turn": 3, "timestamp": "2026-05-06T03:01:20.870478", "input": "ls -la /var/log", "output_raw": "{\n  \"stdout\": \"total 12\\n-rw-r----- 1 root root  105 Jan  5 11:20 auth.log\\n-rw-r--r-- 1 root root   73 Jan  5 11:20 syslog\\n\",\n  \"stderr\": \"\",\n  \"current_user\": \"user\",\n  \"current_directory\": \"/home/user\",\n  \"fs_changes\": []\n}", "output_parsed": {"stdout": "total 12\n-rw-r----- 1 root root  105 Jan  5 11:20 auth.log\n-rw-r--r-- 1 root root   73 Jan  5 11:20 syslog\n", "stderr": "", "current_user": "user", "current_directory": "/home/user", "fs_changes": []}, "vfs_rejected": {"state_rejected": [], "fs_rejected": []}}, {"turn": 4, "timestamp": "2026-05-06T03:01:21.691115", "input": "cat /etc/os-release", "output_raw": "{\n  \"stdout\": \"PRETTY_NAME=\\\"Ubuntu 24.04 LTS\\\"\\nNAME=\\\"Ubuntu\\\"\\nID=ubuntu\\n\",\n  \"stderr\": \"\",\n  \"current_user\": \"user\",\n  \"current_directory\": \"/home/user\",\n  \"fs_changes\": []\n}", "output_parsed": {"stdout": "PRETTY_NAME=\"Ubuntu 24.04 LTS\"\nNAME=\"Ubuntu\"\nID=ubuntu\n", "stderr": "", "current_user": "user", "current_directory": "/home/user", "fs_changes": []}, "vfs_rejected": {"state_rejected": [], "fs_rejected": []}}, {"turn": 5, "timestamp": "2026-05-06T03:01:22.396875", "input": "cat /proc/version", "output_raw": "{\n  \"stdout\": \"Linux version 6.8.0-38-generic\\n\",\n  \"stderr\": \"\",\n  \"current_user\": \"user\",\n  \"current_directory\": \"/home/user\",\n  \"fs_changes\": []\n}", "output_parsed": {"stdout": "Linux version 6.8.0-38-generic\n", "stderr": "", "current_user": "user", "current_directory": "/home/user", "fs_changes": []}, "vfs_rejected": {"state_rejected": [], "fs_rejected": []}}, {"turn": 6, "timestamp": "2026-05-06T03:01:23.178848", "input": "cat /proc/cpuinfo", "output_raw": "{\n  \"stdout\": \"processor: 0\\nvendor_id: GenuineIntel\\n\",\n  \"stderr\": \"\",\n  \"current_user\": \"user\",\n  \"current_directory\": \"/home/user\",\n  \"fs_changes\": []\n}", "output_parsed": {"stdout": "processor: 0\nvendor_id: GenuineIntel\n", "stderr": "", "current_user": "user", "current_directory": "/home/user", "fs_changes": []}, "vfs_rejected": {"state_rejected": [], "fs_rejected": []}}, {"turn": 7, "timestamp": "2026-05-06T03:02:31.913728", "input": "ps aux", "output_raw": "{\n  \"stdout\": \"USER       PID %CPU %MEM    VSZ   RSS  TT  STAT START   TIME COMMAND\\nroot         1  0.0  0.0  19420  1088 ?  Ss   2023  0:00 /sbin/init\\nroot         2  0.0  0.0      0     0 ?  S    2023  0:00 [kthreadd]\\nroot         3  0.0  0.0      0     0 ?  S    2023  0:00 [ksoftirqd/0]\\nroot         5  0.0  0.0      0     0 ?  S    2023  0:00 [kworker/0:0]\\nroot         7  0.0  0.0      0     0 ?  S    2023  0:00 [kworker/u2:0]\\nroot         8  0.0  0.0      0     0 ?  S    2023  0:00 [rcu_sched]\\nroot         9  0.0  0.0      0     0 ?  S    2023  0:00 [rcu_bh]\\nroot        10  0.0  0.0      0     0 ?  S    2023  0:00 [migration/0]\\nroot        11  0.0  0.0      0     0 ?  S    2023  0:00 [watchdog/0]\\nroot        12  0.0  0.0      0     0 ?  S    2023  0:00 [watchdog/1]\\nroot        13  0.0  0.0      0     0 ?  S    2023  0:00 [migration/1]\\nroot        14  0.0  0.0      0     0 ?  S    2023  0:00 [ksoftirqd/1]\\nroot        15  0.0  0.0      0     0 ?  S    2023  0:00 [kworker/1:0]\\nroot        16  0.0  0.0      0     0 ?  S    2023  0:00 [kworker/u3:0]\\nroot        17  0.0  0.0      0     0 ?  S    2023  0:00 [rcu_taskq]\\nroot        18  0.0  0.0      0     0 ?  S    2023  0:00 [rcuos/0]\\nroot        19  0.0  0.0      0     0 ?  S    2023  0:00 [rcuos/1]\\nroot        20  0.0  0.0      0     0 ?  S    2023  0:00 [rcu_bpo]\\nroot        21  0.0  0.0      0     0 ?  S    2023  0:00 [rcu_bpo]\\nroot        22  0.0  0.0      0     0 ?  S    2023  0:00 [rcu_bpo]\\nroot        23  0.0  0.0      0     0 ?  S    2023  0:00 [rcu_bpo]\\nroot        24  0.0  0.0      0     0 ?  S    2023  0:00 [rcu_bpo]\\nroot        25  0.0  0.0      0     0 ?  S    2023  0:00 [rcu_bpo]\\nroot        26  0.0  0.0      0     0 ?  S    2023  0:00 [rcu_bpo]\\nroot        27  0.0  0.0      0     0 ?  S    2023  0:00 [rcu_bpo]\\nroot        28  0.0  0.0      0     0 ?  S    2023  0:00 [rcu_bpo]\\nroot        29  0.0  0.0      0     0 ?  S    2023  0:00 [rcu_bpo]\\nroot        30  0.0  0.0      0     0 ?  S    2023  0:00 [rcu_bpo]\\nroot        31  0.0  0.0      0     0 ?  S    2023  0:00 [rcu_bpo]\\nroot        32  0.0  0.0      0     0 ?  S    2023  0:00 [rcu_bpo]\\nroot        33  0.0  0.0      0     0 ?  S    2023  0:00 [rcu_bpo]\\nroot        34  0.0  0.0      0     0 ?  S    2023  0:00 [rcu_bpo]\\nroot        35  0.0  0.0      0     0 ?  S    2023  0:00 [rcu_bpo]\\nroot        36  0.0  0.0      0     0 ?  S    2023  0:00 [rcu_bpo]\\nroot        37  0.0  0.0      0     0 ?  S    2023  0:00 [rcu_bpo]\\nroot        38  0.0  0.0      0     0 ?  S    2023  0:00 [rcu_bpo]\\nroot        39  0.0  0.0      0     0 ?  S    2023  0:00 [rcu_bpo]\\nroot        40  0.0  0.0      0     0 ?  S    2023  0:00 [rcu_bpo]\\nroot        41  0.0  0.0      0     0 ?  S    2023  0:00 [rcu_bpo]\\nroot        42  0.0  0.0      0     0 ?  S    2023  0:00 [rcu_bpo]\\nroot        43  0.0  0.0      0     0 ?  S    2023  0:00 [rcu_bpo]\\nroot        44  0.0  0.0      0     0 ?  S    2023  0:00 [rcu_bpo]\\nroot        45  0.0  0.0      0     0 ?  S    2023  0:00 [rcu_bpo]\\nroot        46  0.0  0.0      0     0 ?  S    2023  0:00 [rcu_bpo]\\nroot        47  0.0  0.0      0     0 ?  S    2023  0:00 [rcu_bpo]\\nroot        48  0.0  0.0      0     0 ?  S    2023  0:00 [rcu_bpo]\\nroot        49  0.0  0.0      0     0 ?  S    2023  0:00 [rcu_bpo]\\nroot        50  0.0  0.0      0     0 ?  S    2023  0:00 [rcu_bpo]\\nroot        51  0.0  0.0      0     0 ?  S    2023  0:00 [rcu_bpo]\\nroot        52  0.0  0.0      0     0 ?  S    2023  0:00 [rcu_bpo]\\nroot        53  0.0  0.0      0     0 ?  S    2023  0:00 [rcu_bpo]\\nroot        54  0.0  0.0      0     0 ?  S    2023  0:00 [rcu_bpo]\\nroot        55  0.0  0.0      0     0 ?  S    2023  0:00 [rcu_bpo]\\nroot        56  0.0  0.0      0     0 ?  S    2023  0:00 [rcu_bpo]\\nroot        57  0.0  0.0      0     0 ?  S    2023  0:00 [rcu_bpo]\\nroot        58  0.0  0.0      0     0 ?  S    2023  0:00 [rcu_bpo]\\nroot        59  0.0  0.0      0     0 ?  S    2023  0:00 [rcu_bpo]\\nroot        60  0.0  0.0      0     0 ?  S    2023  0:00 [rcu_bpo]\\nroot        61  0.0  0.0      0     0 ?  S    2023  0:00 [rcu_bpo]\\nroot        62  0.0  0.0      0     0 ?  S    2023  0:00 [rcu_bpo]\\nroot        63  0.0  0.0      0     0 ?  S    2023  0:00 [rcu_bpo]\\nroot        64  0.0  0.0      0     0 ?  S    2023  0:00 [rcu_bpo]\\nroot        65  0.0  0.0      0     0 ?  S    2023  0:00 [rcu_bpo]\\nroot        66  0.0  0.0      0     0 ?  S    2023  0:00 [rcu_bpo]\\nroot        67  0.0  0.0      0     0 ?  S    2023  0:00 [rcu_bpo]\\nroot        68  0.0  0.0      0     0 ?  S    2023  0:00 [rcu_bpo]\\nroot        69  0.0  0.0      0     0 ?  S    2023  0:00 [rcu_bpo]\\nroot        70  0.0  0.0      0     0 ?  S    2023  0:00 [rcu_bpo]\\nroot        71  0.0  0.0      0     0 ?  S    2023  0:00 [rcu_bpo]\\nroot        72  0.0  0.0      0     0 ?  S    2023  0:00 [rcu_bpo]\\nroot        73  0.0  0.0      0     0 ?  S    2023  0:00 [rcu_bpo]\\nroot        74  0.0  0.0      0     0 ?  S    2023  0:00 [rcu_bpo]\\nroot        75  0.0  0.0      0     0 ?  S    2023  0:00 [rcu_bpo]\\nroot        76  0.0  0.0      0     0 ?  S    2023  0:00 [rcu_bpo]\\nroot        77  0.0  0.0      0     0 ?  S    2023  0:00 [rcu_bpo]\\nroot        78  0.0  0.0      0     0 ?  S    2023  0:00 [rcu_bpo]\\nroot        79  0.0  0.0      0     0 ?  S    2023  0:00 [rcu_bpo]\\nroot        80  0.0  0.0      0     0 ?  S    2023  0:00 [rcu_bpo]\\nroot        81  0.0  0.0      0     0 ?  S    2023  0:00 [rcu_bpo]\\nroot        82  0.0  0.0      0     0 ?  S    2023  0:00 [rcu_bpo]\\nroot        83  0.0  0.0      0     0 ?  S    2023  0:00 [rcu_bpo]\\nroot        84  0.0  0.0      0     0 ?  S    2023  0:00 [rcu_bpo]\\nroot        85  0.0  0.0      0     0 ?  S    2023  0:00 [rcu_bpo]\\nroot        86  0.0  0.0      0     0 ?  S    2023  0:00 [rcu_bpo]\\nroot        87  0.0  0.0      0     0 ?  S    2023  0:00 [rcu_bpo]\\nroot        88  0.0  0.0      0     0 ?  S    2023  0:00 [rcu_bpo]\\nroot        89  0.0  0.0      0     0 ?  S    2023  0:00 [rcu_bpo]\\nroot        90  0.0  0.0      0     0 ?  S    2023  0:00 [rcu_bpo]\\nroot        91  0.0  0.0      0     0 ?  S    2023  0:00 [rcu_bpo]\\nroot        92  0.0  0.0      0     0 ?  S    2023  0:00 [rcu_bpo]\\nroot        93  0.0  0.0      0     0 ?  S    2023  0:00 [rcu_bpo]\\nroot        94  0.0  0.0      0     0 ?  S    2023  0:00 [rcu_bpo]\\nroot        95  0.0  0.0      0     0 ?  S    2023  0:00 [rcu_bpo]\\nroot        96  0.0  0.0      0     0 ?  S    2023  0:00 [rcu_bpo]\\nroot        97  0.0  0.0      0     0 ?  S    2023  0:00 [rcu_bpo]\\nroot        98  0.0  0.0      0     0 ?  S    2023  0:00 [rcu_bpo]\\nroot        99  0.0  0.0      0     0 ?  S    2023  0:00 [rcu_bpo]\\nroot       100  0.0  0.0      0     0 ?  S    2023  0:00 [rcu_bpo]\\nroot       101  0.0  0.0      0     0 ?  S    2023  0:00 [rcu_bpo]\\nroot       102  0.0  0.0      0     0 ?  S    2023  0:00 [rcu_bpo]\\nroot       103  0.0  0.0      0     0 ?  S    2023  0:00 [rcu_bpo]\\nroot       104  0.0  0.0      0     0 ?  S    2023  0:00 [rcu_bpo]\\nroot       105  0.0  0.0      0     0 ?  S    2023  0:00 [rcu_bpo]\\nroot       106  0.0  0.0      0     0 ?  S    2023  0:00 [rcu_bpo]\\nroot       107  0.0  0.0      0     0 ?  S    2023  0:00 [rcu_bpo]\\nroot       108  0.0  0.0      0     0 ?  S    2023  0:00 [rcu_bpo]\\nroot       109  0.0  0.0      0     0 ?  S    2023  0:00 [rcu_bpo]\\nroot       110  0.0  0.0      0     0 ?  S    2023  0:00 [rcu_bpo]\\nroot       111  0.0  0.0      0     0 ?  S    2023  0:00 [rcu_bpo]\\nroot       112  0.0  0.0      0     0 ?  S    2023  0:00 [rcu_bpo]\\nroot       113  0.0  0.0      0     0 ?  S    2023  0:00 [rcu_bpo]\\nroot       114  0.0  0.0      0     0 ?  S    2023  0:00 [rcu_bpo]\\nroot       115  0.0  0.0      0     0 ?  S    2023  0:00 [rcu_bpo]\\nroot       116  0.0  0.0      0     0 ?  S    2023  0:00 [rcu_bpo]\\nroot       117  0.0  0.0      0     0 ?  S    2023  0:00 [rcu_bpo]\\nroot       118  0.0  0.0      0     0 ?  S    2023  0:00 [rcu_bpo]\\nroot       119  0.0  0.0      0     0 ?  S    2023  0:00 [rcu_bpo]\\nroot       120  0.0  0.0      0     0 ?  S    2023  0:00 [rcu_bpo]\\nroot       121  0.0  0.0      0     0 ?  S    2023  0:00 [rcu_bpo]\\nroot       122  0.0  0.0      0     0 ?  S    2023  0:00 [rcu_bpo]\\nroot       123  0.0  0.0      0     0 ?  S    2023  0:00 [rcu_bpo]\\nroot       124  0.0  0.0      0     0 ?  S    2023  0:00 [rcu_bpo]\\nroot       125  0.0  0.0      0     0 ?  S    2023  0:00 [rcu_bpo]\\nroot       126  0.0  0.0      0     0 ?  S    2023  0:00 [rcu_bpo]\\nroot       127  0.0  0.0      0     0 ?  S    2023  0:00 [rcu_bpo]\\nroot       128  0.0  0.0      0     0 ?  S    2023  0:00 [rcu_bpo]\\nroot       129  0.0  0.0      0     0 ?  S    2023  0:00 [rcu_bpo]\\nroot       130  0.0  0.0      0     0 ?  S    2023  0:00 [rcu_bpo]\\nroot       131  0.0  0.0      0     0 ?  S    2023  0:00 [rcu_bpo]\\nroot       132  0.0  0.0      0     0 ?  S    2023  0:00 [rcu_bpo]\\nroot       133  0.0  0.0      0     0 ?  S    2023  0:00 [rcu_bpo]\\nroot       134  0.0  0.0      0     0 ?  S    2023  0:00 [rcu_bpo]\\nroot       135  0.0  0.0      0     0 ?  S    2023  0:00 [rcu_bpo]\\nroot       136  0.0  0.0      0     0 ?  S    2023  0:00 [rcu_bpo]\\nroot       137  0.0  0.0      0     0 ?  S    2023  0:00 [rcu_bpo]\\nroot       138  0.0  0.0      0     0 ?  S    2023  0:00 [rcu_bpo]\\nroot       139  0.0  0.0      0     0 ?  S    2023  0:00 [rcu_bpo]\\nroot       140  0.0  0.0      0     0 ?  S    2023  0:00 [rcu_bpo]\\nroot       141  0.0  0.0      0     0 ?  S    2023  0:00 [rcu_bpo]\\nroot       142  0.0  0.0      0     0 ?  S    2023  0:00 [rcu_bpo]\\nroot       143  0.0  0.0      0     0 ?  S    2023  0:00 [rcu_bpo]\\nroot       144  0.0  0.0      0     0 ?  S    2023  0:00 [rcu_bpo]\\nroot       145  0.0  0.0      0     0 ?  S    2023  0:00 [rcu_bpo]\\nroot       146  0.0  0.0      0     0 ?  S    2023  0:00 [rcu_bpo]\\nroot       147  0.0  0.0      0     0 ?  S    2023  0:00 [rcu_bpo]\\nroot       148  0.0  0.0      0     0 ?  S    2023  0:00 [rcu_bpo]\\nroot       149  0.0  0.0      0     0 ?  S    2023  0:00 [rcu_bpo]\\nroot       150  0.0  0.0      0     0 ?  S    2023  0:00 [rcu_bpo]\\nroot       151  0.0  0.0      0     0 ?  S    2023  0:00 [rcu_bpo]\\nroot       152  0.0  0.0      0     0 ?  S    2023  0:00 [rcu_bpo]\\nroot       153  0.0  0.0      0     0 ?  S    2023  0:00 [rcu_bpo]\\nroot       154  0.", "output_parsed": null, "vfs_rejected": {"state_rejected": [], "fs_rejected": []}}, {"turn": 8, "timestamp": "2026-05-06T03:03:41.437790", "input": "netstat -tulnp", "output_raw": "{\n  \"stdout\": \"Active Internet connections (only servers)\\nProto Recv-Q Send-Q Local Address           Foreign Address         State       PID/Program name\\ntcp        0      0  127.0.0.1:3306          0.0.0.0:*               LISTEN      12345/mysqld\\nudp        0      0  127.0.0.1:323          0.0.0.0:*                           12346/chronyd\\nudp        0      0  127.0.0.1:323          0.0.0.0:*                           12346/chronyd\\nudp        0      0  127.0.0.1:323          0.0.0.0:*                           12346/chronyd\\nudp        0      0  127.0.0.1:323          0.0.0.0:*                           12346/chronyd\\nudp        0      0  127.0.0.1:323          0.0.0.0:*                           12346/chronyd\\nudp        0      0  127.0.0.1:323          0.0.0.0:*                           12346/chronyd\\nudp        0      0  127.0.0.1:323          0.0.0.0:*                           12346/chronyd\\nudp        0      0  127.0.0.1:323          0.0.0.0:*                           12346/chronyd\\nudp        0      0  127.0.0.1:323          0.0.0.0:*                           12346/chronyd\\nudp        0      0  127.0.0.1:323          0.0.0.0:*                           12346/chronyd\\nudp        0      0  127.0.0.1:323          0.0.0.0:*                           12346/chronyd\\nudp        0      0  127.0.0.1:323          0.0.0.0:*                           12346/chronyd\\nudp        0      0  127.0.0.1:323          0.0.0.0:*                           12346/chronyd\\nudp        0      0  127.0.0.1:323          0.0.0.0:*                           12346/chronyd\\nudp        0      0  127.0.0.1:323          0.0.0.0:*                           12346/chronyd\\nudp        0      0  127.0.0.1:323          0.0.0.0:*                           12346/chronyd\\nudp        0      0  127.0.0.1:323          0.0.0.0:*                           12346/chronyd\\nudp        0      0  127.0.0.1:323          0.0.0.0:*                           12346/chronyd\\nudp        0      0  127.0.0.1:323          0.0.0.0:*                           12346/chronyd\\nudp        0      0  127.0.0.1:323          0.0.0.0:*                           12346/chronyd\\nudp        0      0  127.0.0.1:323          0.0.0.0:*                           12346/chronyd\\nudp        0      0  127.0.0.1:323          0.0.0.0:*                           12346/chronyd\\nudp        0      0  127.0.0.1:323          0.0.0.0:*                           12346/chronyd\\nudp        0      0  127.0.0.1:323          0.0.0.0:*                           12346/chronyd\\nudp        0      0  127.0.0.1:323          0.0.0.0:*                           12346/chronyd\\nudp        0      0  127.0.0.1:323          0.0.0.0:*                           12346/chronyd\\nudp        0      0  127.0.0.1:323          0.0.0.0:*                           12346/chronyd\\nudp        0      0  127.0.0.1:323          0.0.0.0:*                           12346/chronyd\\nudp        0      0  127.0.0.1:323          0.0.0.0:*                           12346/chronyd\\nudp        0      0  127.0.0.1:323          0.0.0.0:*                           12346/chronyd\\nudp        0      0  127.0.0.1:323          0.0.0.0:*                           12346/chronyd\\nudp        0      0  127.0.0.1:323          0.0.0.0:*                           12346/chronyd\\nudp        0      0  127.0.0.1:323          0.0.0.0:*                           12346/chronyd\\nudp        0      0  127.0.0.1:323          0.0.0.0:*                           12346/chronyd\\nudp        0      0  127.0.0.1:323          0.0.0.0:*                           12346/chronyd\\nudp        0      0  127.0.0.1:323          0.0.0.0:*                           12346/chronyd\\nudp        0      0  127.0.0.1:323          0.0.0.0:*                           12346/chronyd\\nudp        0      0  127.0.0.1:323          0.0.0.0:*                           12346/chronyd\\nudp        0      0  127.0.0.1:323          0.0.0.0:*                           12346/chronyd\\nudp        0      0  127.0.0.1:323          0.0.0.0:*                           12346/chronyd\\nudp        0      0  127.0.0.1:323          0.0.0.0:*                           12346/chronyd\\nudp        0      0  127.0.0.1:323          0.0.0.0:*                           12346/chronyd\\nudp        0      0  127.0.0.1:323          0.0.0.0:*                           12346/chronyd\\nudp        0      0  127.0.0.1:323          0.0.0.0:*                           12346/chronyd\\nudp        0      0  127.0.0.1:323          0.0.0.0:*                           12346/chronyd\\nudp        0      0  127.0.0.1:323          0.0.0.0:*                           12346/chronyd\\nudp        0      0  127.0.0.1:323          0.0.0.0:*                           12346/chronyd\\nudp        0      0  127.0.0.1:323          0.0.0.0:*                           12346/chronyd\\nudp        0      0  127.0.0.1:323          0.0.0.0:*                           12346/chronyd\\nudp        0      0  127.0.0.1:323          0.0.0.0:*                           12346/chronyd\\nudp        0      0  127.0.0.1:323          0.0.0.0:*                           12346/chronyd\\nudp        0      0  127.0.0.1:323          0.0.0.0:*                           12346/chronyd\\nudp        0      0  127.0.0.1:323          0.0.0.0:*                           12346/chronyd\\nudp        0      0  127.0.0.1:323          0.0.0.0:*                           12346/chronyd\\nudp        0      0  127.0.0.1:323          0.0.0.0:*                           12346/chronyd\\nudp        0      0  127.0.0.1:323          0.0.0.0:*                           12346/chronyd\\nudp        0      0  127.0.0.1:323          0.0.0.0:*                           12346/chronyd\\nudp        0      0  127.0.0.1:323          0.0.0.0:*                           12346/chronyd\\nudp        0      0  127.0.0.1:323          0.0.0.0:*                           12346/chronyd\\nudp        0      0  127.0.0.1:323          0.0.0.0:*                           12346/chronyd\\nudp        0      0  127.0.0.1:323          0.0.0.0:*                           12346/chronyd\\nudp        0      0  127.0.0.1:323          0.0.0.0:*                           12346/chronyd\\nudp        0      0  127.0.0.1:323          0.0.0.0:*                           12346/chronyd\\nudp        0      0  127.0.0.1:323          0.0.0.0:*                           12346/chronyd\\nudp        0      0  127.0.0.1:323          0.0.0.0:*                           12346/chronyd\\nudp        0      0  127.0.0.1:323          0.0.0.0:*                           12346/chronyd\\nudp        0      0  127.0.0.1:323          0.0.0.0:*                           12346/chronyd\\nudp        0      0  127.0.0.1:323          0.0.0.0:*                           12346/chronyd\\nudp        0      0  127.0.0.1:323          0.0.0.0:*                           12346/chronyd\\nudp        0      0  127.0.0.1:323          0.0.0.0:*                           12346/chronyd\\nudp        0      0  127.0.0.1:323          0.0.0.0:*                           12346/chronyd\\nudp        0      0  127.0.0.1:323          0.0.0.0:*                           12346/chronyd\\nudp        0      0  127.0.0.1:323          0.0.0.0:*                           12346/chronyd\\nudp        0      0  127.0.0.1:323          0.0.0.0:*                           12346/chronyd\\nudp        0      0  127.0.0.1:323          0.0.0.0:*                           12346/chronyd\\nudp        0      0  127.0.0.1:323          0.0.0.0:*                           12346/chronyd\\nudp        0      0  127.0.0.1:323          0.0.0.0:*                           12346/chronyd\\nudp        0      0  127.0.0.1:323          0.0.0.0:*                           12346/chronyd\\nudp        0      0  127.0.0.1:323          0.0.0.0:*                           12346/chronyd\\nudp        0      0  127.0.0.1:323          0.0.0.0:*                           12346/chronyd\\nudp        0      0  127.0.0.1:323          0.0.0.0:*                           12346/chronyd\\nudp        0      0  127.0.0.1:323          0.0.0.0:*                           12346/chronyd\\nudp        0      0  127.0.0.1:323          0.0.0.0:*                           12346/chronyd\\nudp        0      0  127.0.0.1:323          0.0.0.0:*                           12346/chronyd\\nudp        0      0  127.0.0.1:323          0.0.0.0:*                           12346/chronyd\\nudp        0      0  127.0.0.1:323          0.0.0.0:*                           12346/chronyd\\nudp        0      0  127.0.0.1:323          0.0.0.0:*                           12346/chronyd\\nudp        0      0  127.0.0.1:323          0.0.0.0:*                           12346/chronyd\\nudp        0      0  127.0.0.1:323          0.0.0.0:*                           12346/chronyd\\nudp        0      0  127.0.0.1:323          0.0.0.0:*                           12346/chronyd\\nudp        0      0  127.0.0.1:323          0.0.0.0:*                           12346/chronyd\\nudp        0      0  127.0.0.1:323          0.0.0.0:*                           12346/chronyd\\nudp        0      0  127.0.0.1:323          0.0.0.0:*                           12346/chronyd\\nudp        0      0  127.0.0.1:323          0.0.0.0:*                           12346/chronyd\\nudp        0      0  127.0.0.1:323          0.0.0.0:*                           12346/chronyd\\nudp        0      0  127.0.0.1:323          0.0.0.0:*                           12346/chronyd\\nudp        0      0  127.0.0.1:323          0.0.0.0:*                           12346/chronyd\\nudp        0      0  127.0.0.1:323          0.0.0.0:*                           12346/chronyd\\nudp        0      0  127.0.0.1:323          0.0.0.0:*                           12346/chronyd\\nudp        0      0  127.0.0.1:323          0.0.0.0:*                           12346/chronyd\\nudp        0      0  127.0.0.1:323          0.0.0.0:*                           12346/chronyd\\nudp        0      0  127.0.0.1:323          0.0.0.0:*                           12346/chronyd\\nudp        0      0  127.0.0.1:323          0.0.0.0:*                           12346/chronyd\\nudp        0      0  127.0.0.1:323          0.0.0.0:*                           12346/chronyd\\nudp        0      0  127.0.0.1:323          0.0.0.0:*                           12346/chronyd\\nudp        0      0  127.0.0.1:323          0.0.0.0:*                           12346/chronyd\\nudp        0      0  127.0.0.1:323          0.0.0.0:*                           12346/chronyd\\nudp        0      0  127.0.0.1:323          0.0.0.0:*                           12346/chronyd\\nudp        0      0  127.0.0.1:323          0.0.0.0:*                           12346/chronyd\\nudp        0      0  127.0.0.1:323          0.0.0.0:*                           12346/chronyd\\nudp        0      0  127.0.0.1:323          0.0.0.0:*                           12346/chronyd\\nudp        0      0  127.0.0.1:323          0.0.0.0:*                           12346/chronyd\\nudp        0      0  127.0.0.1:323          0.0.0.0:*                           12346/chronyd\\nudp        0      0  127.0.0.1:323          0.0.0.0:*                           12346/chronyd\\nudp        0      0  127.0.0.1:323          0.0.0.0:*                           12346/chronyd\\nudp        0      0  127.0.0.1:323          0.0.0.0:*                           12346/chronyd\\nudp        0      0  127.0.0.1:323          0.0.0.0:*                           12346/chronyd\\nudp        0      0  127.0.0.1:323          0.0.0.0:*                           12346/chronyd\\nudp        0      0  127.0.0.1:323          0.0.0.0:*                           12346/chronyd\\nudp        0      0  127.0.0.1:323          0.0.0.0:*                           12346/chronyd\\nudp        0      0  127.0.0.1:323          0.0.0.0:*                           12346/chronyd\\nudp        0      0  127.0.0.1:323          0.0.0.0:*                           12346/chronyd\\nudp        0      0  127.0.0.1:323          0.0.0.0:*                           12346/chronyd\\nudp        0      0  127.0.0.1:323          0.0.0.0:*                           12346/chronyd\\nudp        0      0  127.0.0.1:323          0.0.0.0:*                           12346/chronyd\\nudp        0      0  127.0.0.1:323          0.0.0.0:*                           12346/chronyd\\nudp        0      0  127.0.0.1:323          0.0.0.0:*                           12346/chronyd\\nudp        0      0  127.0.0.1:323          0.0.0.0:*                           12346/chronyd\\nudp        0      0  127.0.0.1:323          0.0.0.0:*                           12346/chronyd\\nudp        0      0  127.0.0.1:323          0.0.0.0:*                           12346/chronyd\\nudp        0      0  127.0.0.1:323          0.0.0.0:*                           12346/chronyd\\nudp        0      0  127.0.0.1:323          0.0.0.0:*                           12346/chronyd\\nudp        0      0  127.0.0.1:323          0.0.0.0:*                           12346/chronyd\\nudp        0      0  127.0.0.1:323          0.0.0.0:*                           12346/chronyd\\nudp        0      0  127.0.0.1:323          0.0.0.0:*                           12346/chronyd\\nudp        0      0  127.0.0.1:323          0.0.0.0:*                           12346/chronyd\\nudp        0      0  127.0.0.1:323          0.0.0.0:*                           12346/chronyd\\nudp        0      0  127.0.0.1:323          0.0.0.0:*                           12346/chronyd\\nudp        0      0  127.0.0.1:323          0.0.0.0:*                           12346/chronyd\\nudp        0      0  127.0.0.1:323          0.0.0.0:*                           12346/chronyd\\nudp        0      0  127.0.0.1:323          0.0.0.0:*                           12346/chronyd\\nudp        0      0  127.0.0.1:323          0.0.0.0:*                           12346/chronyd\\nudp        0      0  127.0.0.1:323          0.0.0.0:*                           12346/chronyd\\nudp        0      0  127.0.0.1:323          0.0.0.0:*                           12346/chronyd\\nudp        0      0  127.0.0.1:323          0.0.0.0:*                           12346/chronyd\\nudp        0      0  127.0.0.1:323          0.0.0.0:*                           12346/chronyd\\nudp        0      0  127.0.0.1:323          0.0.0.0:*                           12346/chronyd\\nudp        0      0  127.0.0.1:323          0.0.0.0:*                           12346/chronyd\\nudp        0      0  127.0.0.1:323          0.0.0.0:*                           12346/chronyd\\nudp        0      0  127.0.0.1:323          0.0.0.0:*                           12346/chronyd\\nudp        0      0  127.0.0.1:323          0.0.0.0:*                           12346/chronyd\\nudp        0      0  127.0.0.1:323          0.0.0.0:*                           12346/chronyd\\nudp        0      0  127.0.0.1:323          0.0.0.0:*                           12346/chronyd\\nudp        0      0  127.0.0.1:323          0.0.0.0:*                           12346/chronyd\\nudp        0      0  127.0.0.1:323          0.0.0.0:*                           12346/chronyd\\nudp        0      0  127.0.0.1:323          0.0.0.0:*                           12346/chronyd\\nudp        0      0  127.0.0.1:323          0.0.0.0:*                           12346/chronyd\\nudp        0      0  127.0.0.1:323          0.0.0.0:*                           12346/chronyd\\nudp        0      0  127.0.0.1:323          0.0.0.0:*                           12346/chronyd\\nudp        0      0  127.0.0.1:323          0.0.0.0:*                           12346/chronyd\\nudp        0      0  127.0.0.1:323          0.0.0.0:*                           12346/chronyd\\nudp        0      0  127.0.0.1:323          0.0.0.0:*                           12346/chronyd\\nudp        0      0  127.0.0.1:323          0.0", "output_parsed": null, "vfs_rejected": {"state_rejected": [], "fs_rejected": []}}, {"turn": 9, "timestamp": "2026-05-06T03:04:50.640199", "input": "df -h", "output_raw": "{\n  \"stdout\": \"Filesystem      Size  Used Avail Use%\\n/dev/sda1       20G   12G  7.3G  61%\\nudev         488M  4.0K  488M   1%\\nnone          416M     0  416M   0%\\nnone          416M     0  416M   0%\\nnone          416M     0  416M   0%\\nnone          416M     0  416M   0%\\nnone          416M     0  416M   0%\\nnone          416M     0  416M   0%\\nnone          416M     0  416M   0%\\nnone          416M     0  416M   0%\\nnone          416M     0  416M   0%\\nnone          416M     0  416M   0%\\nnone          416M     0  416M   0%\\nnone          416M     0  416M   0%\\nnone          416M     0  416M   0%\\nnone          416M     0  416M   0%\\nnone          416M     0  416M   0%\\nnone          416M     0  416M   0%\\nnone          416M     0  416M   0%\\nnone          416M     0  416M   0%\\nnone          416M     0  416M   0%\\nnone          416M     0  416M   0%\\nnone          416M     0  416M   0%\\nnone          416M     0  416M   0%\\nnone          416M     0  416M   0%\\nnone          416M     0  416M   0%\\nnone          416M     0  416M   0%\\nnone          416M     0  416M   0%\\nnone          416M     0  416M   0%\\nnone          416M     0  416M   0%\\nnone          416M     0  416M   0%\\nnone          416M     0  416M   0%\\nnone          416M     0  416M   0%\\nnone          416M     0  416M   0%\\nnone          416M     0  416M   0%\\nnone          416M     0  416M   0%\\nnone          416M     0  416M   0%\\nnone          416M     0  416M   0%\\nnone          416M     0  416M   0%\\nnone          416M     0  416M   0%\\nnone          416M     0  416M   0%\\nnone          416M     0  416M   0%\\nnone          416M     0  416M   0%\\nnone          416M     0  416M   0%\\nnone          416M     0  416M   0%\\nnone          416M     0  416M   0%\\nnone          416M     0  416M   0%\\nnone          416M     0  416M   0%\\nnone          416M     0  416M   0%\\nnone          416M     0  416M   0%\\nnone          416M     0  416M   0%\\nnone          416M     0  416M   0%\\nnone          416M     0  416M   0%\\nnone          416M     0  416M   0%\\nnone          416M     0  416M   0%\\nnone          416M     0  416M   0%\\nnone          416M     0  416M   0%\\nnone          416M     0  416M   0%\\nnone          416M     0  416M   0%\\nnone          416M     0  416M   0%\\nnone          416M     0  416M   0%\\nnone          416M     0  416M   0%\\nnone          416M     0  416M   0%\\nnone          416M     0  416M   0%\\nnone          416M     0  416M   0%\\nnone          416M     0  416M   0%\\nnone          416M     0  416M   0%\\nnone          416M     0  416M   0%\\nnone          416M     0  416M   0%\\nnone          416M     0  416M   0%\\nnone          416M     0  416M   0%\\nnone          416M     0  416M   0%\\nnone          416M     0  416M   0%\\nnone          416M     0  416M   0%\\nnone          416M     0  416M   0%\\nnone          416M     0  416M   0%\\nnone          416M     0  416M   0%\\nnone          416M     0  416M   0%\\nnone          416M     0  416M   0%\\nnone          416M     0  416M   0%\\nnone          416M     0  416M   0%\\nnone          416M     0  416M   0%\\nnone          416M     0  416M   0%\\nnone          416M     0  416M   0%\\nnone          416M     0  416M   0%\\nnone          416M     0  416M   0%\\nnone          416M     0  416M   0%\\nnone          416M     0  416M   0%\\nnone          416M     0  416M   0%\\nnone          416M     0  416M   0%\\nnone          416M     0  416M   0%\\nnone          416M     0  416M   0%\\nnone          416M     0  416M   0%\\nnone          416M     0  416M   0%\\nnone          416M     0  416M   0%\\nnone          416M     0  416M   0%\\nnone          416M     0  416M   0%\\nnone          416M     0  416M   0%\\nnone          416M     0  416M   0%\\nnone          416M     0  416M   0%\\nnone          416M     0  416M   0%\\nnone          416M     0  416M   0%\\nnone          416M     0  416M   0%\\nnone          416M     0  416M   0%\\nnone          416M     0  416M   0%\\nnone          416M     0  416M   0%\\nnone          416M     0  416M   0%\\nnone          416M     0  416M   0%\\nnone          416M     0  416M   0%\\nnone          416M     0  416M   0%\\nnone          416M     0  416M   0%\\nnone          416M     0  416M   0%\\nnone          416M     0  416M   0%\\nnone          416M     0  416M   0%\\nnone          416M     0  416M   0%\\nnone          416M     0  416M   0%\\nnone          416M     0  416M   0%\\nnone          416M     0  416M   0%\\nnone          416M     0  416M   0%\\nnone          416M     0  416M   0%\\nnone          416M     0  416M   0%\\nnone          416M     0  416M   0%\\nnone          416M     0  416M   0%\\nnone          416M     0  416M   0%\\nnone          416M     0  416M   0%\\nnone          416M     0  416M   0%\\nnone          416M     0  416M   0%\\nnone          416M     0  416M   0%\\nnone          416M     0  416M   0%\\nnone          416M     0  416M   0%\\nnone          416M     0  416M   0%\\nnone          416M     0  416M   0%\\nnone          416M     0  416M   0%\\nnone          416M     0  416M   0%\\nnone          416M     0  416M   0%\\nnone          416M     0  416M   0%\\nnone          416M     0  416M   0%\\nnone          416M     0  416M   0%\\nnone          416M     0  416M   0%\\nnone          416M     0  416M   0%\\nnone          416M     0  416M   0%\\nnone          416M     0  416M   0%\\nnone          416M     0  416M   0%\\nnone          416M     0  416M   0%\\nnone          416M     0  416M   0%\\nnone          416M     0  416M   0%\\nnone          416M     0  416M   0%\\nnone          416M     0  416M   0%\\nnone          416M     0  416M   0%\\nnone          416M     0  416M   0%\\nnone          416M     0  416M   0%\\nnone          416M     0  416M   0%\\nnone          416M     0  416M   0%\\nnone          416M     0  416M   0%\\nnone          416M     0  416M   0%\\nnone          416M     0  416M   0%\\nnone          416M     0  416M   0%\\nnone          416M     0  416M   0%\\nnone          416M     0  416M   0%\\nnone          416M     0  416M   0%\\nnone          416M     0  416M   0%\\nnone          416M     0  416M   0%\\nnone          416M     0  416M   0%\\nnone          416M     0  416M   0%\\nnone          416M     0  416M   0%\\nnone          416M     0  416M   0%\\nnone          416M     0  416M   0%\\nnone          416M     0  416M   0%\\nnone          416M     0  416M   0%\\nnone          416M     0  416M   0%\\nnone          416M     0  416M   0%\\nnone          416M     0  416M   0%\\nnone          416M     0  416M   0%\\nnone          416M     0  416M   0%\\nnone          416M     0  416M   0%\\nnone          416M     0  416M   0%\\nnone          416M     0  416M   0%\\nnone          416M     0  416M   0%\\nnone          416M     0  416M   0%\\nnone          416M     0  416M   0%\\nnone          416M     0  416M   0%\\nnone          416M     0  416M   0%\\nnone          416M     0  416M   0%\\nnone          416M     0  416M   0%\\nnone          416M     0  416M   0%\\nnone          416M     0  416M   0%\\nnone          416M     0  416M   0%\\nnone          416M     0  416M   0%\\nnone          416M     0  416M   0%\\nnone          416M     0  416M   0%\\nnone          416M     0  416M   0%\\nnone          416M     0  416M   0%\\nnone          416M     0  416M   0%\\nnone          416M     0  416M   0%\\nnone          416M     0  416M   0%\\nnone          416M     0  416M   0%\\nnone          416M     0  416M   0%\\nnone          416M     0  416M   0%\\nnone          416M     0  416M   0%\\nnone          416M     0  416M   0%\\nnone          416M     0  416M   0%\\nnone          416M     0  416M   0%\\nnone          416M     0  416M   0%\\nnone          416M     0  416M   0%\\nnone          416M     0  416M   0%\\nnone          416M     0  416M   0%\\nnone          416M     0  416M   0%\\nnone          416M     0  416M   0%\\nnone          416M     0  416M   0%\\nnone          416M     0  416M   0%\\nnone          416M     0  416M   0%\\nnone          416M     0  416M   0%\\nnone          416M     0  416M   0%\\nnone          416M     0  416M   0%\\nnone          416M     0  416M   0%\\nnone          416M     0  416M   0%\\nnone          416M     0  416M   0%\\nnone          416M     0  416M   0%\\nnone          416M     0  416M   0%\\nnone          416M     0  416M   0%\\nnone          416M     0  416M   0%\\nnone          416M     0  416M   0%\\nnone          416M     0  416M   0%\\nnone          416M     0  416M   0%\\nnone          416M     0  416M   0%\\nnone          416M     0  416M   0%\\nnone          416M     0  416M   0%\\nnone          416M     0  416M   0%\\nnone          416M     0  416M   0%\\nnone          416M     0  416M   0%\\nnone          416M     0  416M   0%\\nnone          416M     0  416M   0%\\nnone          416M     0  416M   0%\\nnone          416M     0  416M   0%\\nnone          416M     0  416M   0%\\nnone          416M     0  416M   0%\\nnone          416M     0  416M   0%\\nnone          416M     0  416M   0%\\nnone          416M     0  416M   0%\\nnone          416M     0  416M   0%\\nnone          416M     0  416M   0%\\nnone          416M     0  416M   0%\\nnone          416M     0  416M   0%\\nnone          416M     0  416M   0%\\nnone          416M     0  416M   0%\\nnone          416M     0  416M   0%\\nnone          416M     0  416M   0%\\nnone          416M     0  416M   0%\\nnone          416M     0  416M   0%\\nnone          416M     0  416M   0%\\nnone          416M     0  416M   0%\\nnone          416M     0  416M   0%\\nnone          416M     0  416M   0%\\nnone          416M     0  416M   0%\\nnone          416M     0  416M   0%\\nnone          416M     0  416M   0%\\nnone          416M     0  416M   0%\\nnone          416M     0  416M   0%\\nnone          416M     0  416M   0%\\nnone          416M     0  416M   0%\\nnone          416M     0  416M   0%\\nnone          416M     0  416M   0%\\nnone          416M     0  416M   0%\\nnone          416M     0  416M   0%\\nnone          416M     0  416M   0%\\nnone          416M     0  416M   0%\\nnone          416M     0  416M   0%\\nnone          416M     0  416M   0%\\nnone          416M     0  416M   0%\\nnone          416M     0  416M   0%\\nnone          416M     0  416M   0%\\nnone          416M     0  416M   0%\\nnone          416M     0  416M   0%\\nnone          416M     0  416M   0%\\nnone          416M     0  416M   0%\\nnone          416M     0  416M   0%\\nnone          416M     0  416M   0%\\nnone          416M     0  416M   0%\\nnone          416M     0  416M   0%\\nnone          416M     0  416M   0%\\nnone          416M     0  416M   0%\\nnone          416M     0  416M   0%\\nnone          416M     0  416M   0%\\nnone          416M     0  416M   0%\\nnone          416M     0  416M   0%\\nnone          416M     0  416M   0%\\nnone          416M     0  416M   0%\\nnone          416M     0  416M   0%\\nnone          416M     0  416M   0%\\nnone          416M     0  416M   0%\\nnone          416M     0  416M   0%\\nnone          416M     0  416M   0%\\nnone          416M     0  416M   0%\\nnone          416M     0  416M   0%\\nnone          416M     0  416M   0%\\nnone          416M     0  416M   0%\\nnone          416M     0  416M   0%\\nnone          416M     0  416M   0%\\nnone          416M     0  416M   0%\\nnone          416M     0  416M   0%\\nnone          416M     0  416M   0%\\nnone          416M     0  416M   0%\\nnone          416M     0  416M   0%\\nnone          416M     0  416M   0%\\nnone          416M     0  416M   0%\\nnone          416M     0  416M   0%\\nnone          416M     0  416M   0%\\nnone          416M     0  416M   0%\\nnone          416M     0  416M   0%\\nnone          416M     0  416M   0%\\nnone          416M     0  416M   0%\\nnone          416M     0  416M   0%\\nnone          416M     0  416M   0%\\nnone          416M     0  416M   0%\\nnone          416M     0  416M   0%\\nnone          416M     0  416M   0%\\nnone          416M     0  416M   0%\\nnone          416M     0  416M   0%\\nnone          416M     0  416M   0%\\nnone          416M     0  416M   0%\\nnone          416M     0  416M   0%\\nnone          416M     0  416M   0%\\nnone          416M     0  416M   0%\\nnone          416M     0  416M   0%\\nnone          416M     0  416M   0%\\nnone          416M     0  416M   0%\\nnone          416M     0  416M   0%\\nnone          416M     0  416M   0%\\nnone          416M     0  416M   0%\\nnone          416M     0  416M   0%\\nnone          416M     0  416M   0%\\nnone          416M     0  416M   0%\\nnone          416M     0  416M   0%\\nnone          416M     0  416M   0%\\nnone          416M     0  416M   0%\\nnone          416M     0  416M   0%\\nnone          416M     0  416M   0%\\nnone          416M     0  416M   0%\\nnone          416M     0  416M   0%\\nnone          416M     0  416M   0%\\nnone          416M     0  416M   0%\\nnone          416M     0  416M   0%\\nnone          416M     0  416M   0%\\nnone          416M     0  416M   0%\\nnone          416M     0  416M   0%\\nnone          416M     0  416M   0%\\nnone          416M     0  416M   0%\\nnone          416M    ", "output_parsed": null, "vfs_rejected": {"state_rejected": [], "fs_rejected": []}}, {"turn": 10, "timestamp": "2026-05-06T03:04:52.227105", "input": "free -m", "output_raw": "{\n  \"stdout\": \"              total        used        free      shared  buff/cache   available\\nMem:           1596         434         911          24         250         511\\nSwap:            99           0          99\\n\",\n  \"stderr\": \"\",\n  \"current_user\": \"user\",\n  \"current_directory\": \"/home/user\",\n  \"fs_changes\": []\n}", "output_parsed": {"stdout": "              total        used        free      shared  buff/cache   available\nMem:           1596         434         911          24         250         511\nSwap:            99           0          99\n", "stderr": "", "current_user": "user", "current_directory": "/home/user", "fs_changes": []}, "vfs_rejected": {"state_rejected": [], "fs_rejected": []}}, {"turn": 11, "timestamp": "2026-05-06T03:04:53.044446", "input": "id", "output_raw": "{\n  \"stdout\": \"uid=1000(user) gid=1000(user) groups=1000(user)\\n\",\n  \"stderr\": \"\",\n  \"current_user\": \"user\",\n  \"current_directory\": \"/home/user\",\n  \"fs_changes\": []\n}", "output_parsed": {"stdout": "uid=1000(user) gid=1000(user) groups=1000(user)\n", "stderr": "", "current_user": "user", "current_directory": "/home/user", "fs_changes": []}, "vfs_rejected": {"state_rejected": [], "fs_rejected": []}}, {"turn": 12, "timestamp": "2026-05-06T03:04:54.503907", "input": "env", "output_raw": "{\n  \"stdout\": \"declare -x HOME=\\\"/home/user\\\"\\ndeclare -x PATH=\\\"/usr/local/sbin:/usr/local/bin:/usr/sbin:/usr/bin:/sbin:/bin\\\"\\ndeclare -x USER=\\\"user\\\"\\ndeclare -x LOGNAME=\\\"user\\\"\\ndeclare -x MAIL=\\\"/var/mail/user\\\"\\ndeclare -x SHELL=\\\"/bin/bash\\\"\\ndeclare -x TERM=\\\"xterm\\\"\\n\",\n  \"stderr\": \"\",\n  \"current_user\": \"user\",\n  \"current_directory\": \"/home/user\",\n  \"fs_changes\": []\n}", "output_parsed": {"stdout": "declare -x HOME=\"/home/user\"\ndeclare -x PATH=\"/usr/local/sbin:/usr/local/bin:/usr/sbin:/usr/bin:/sbin:/bin\"\ndeclare -x USER=\"user\"\ndeclare -x LOGNAME=\"user\"\ndeclare -x MAIL=\"/var/mail/user\"\ndeclare -x SHELL=\"/bin/bash\"\ndeclare -x TERM=\"xterm\"\n", "stderr": "", "current_user": "user", "current_directory": "/home/user", "fs_changes": []}, "vfs_rejected": {"state_rejected": [], "fs_rejected": []}}, {"turn": 13, "timestamp": "2026-05-06T03:04:55.195953", "input": "ifconfig", "output_raw": "{\n  \"stdout\": \"bash: ifconfig: command not found\\n\",\n  \"stderr\": \"\",\n  \"current_user\": \"user\",\n  \"current_directory\": \"/home/user\",\n  \"fs_changes\": []\n}", "output_parsed": {"stdout": "bash: ifconfig: command not found\n", "stderr": "", "current_user": "user", "current_directory": "/home/user", "fs_changes": []}, "vfs_rejected": {"state_rejected": [], "fs_rejected": []}}, {"turn": 14, "timestamp": "2026-05-06T03:04:55.852135", "input": "ip a", "output_raw": "{\n  \"stdout\": \"bash: ip: command not found\\n\",\n  \"stderr\": \"\",\n  \"current_user\": \"user\",\n  \"current_directory\": \"/home/user\",\n  \"fs_changes\": []\n}", "output_parsed": {"stdout": "bash: ip: command not found\n", "stderr": "", "current_user": "user", "current_directory": "/home/user", "fs_changes": []}, "vfs_rejected": {"state_rejected": [], "fs_rejected": []}}, {"turn": 15, "timestamp": "2026-05-06T03:04:57.344424", "input": "uptime", "output_raw": "{\n  \"stdout\": \"  up 2 days,  1:28,  0 users,  load average: 0.00, 0.00, 0.00\\n\",\n  \"stderr\": \"\",\n  \"current_user\": \"user\",\n  \"current_directory\": \"/home/user\",\n  \"fs_changes\": []\n}", "output_parsed": {"stdout": "  up 2 days,  1:28,  0 users,  load average: 0.00, 0.00, 0.00\n", "stderr": "", "current_user": "user", "current_directory": "/home/user", "fs_changes": []}, "vfs_rejected": {"state_rejected": [], "fs_rejected": []}}, {"turn": 16, "timestamp": "2026-05-06T03:04:58.232856", "input": "last", "output_raw": "{\n  \"stdout\": \"ubuntu  pts/0        2023-09-01 14:30   (192.168.1.100)\\n\",\n  \"stderr\": \"\",\n  \"current_user\": \"user\",\n  \"current_directory\": \"/home/user\",\n  \"fs_changes\": []\n}", "output_parsed": {"stdout": "ubuntu  pts/0        2023-09-01 14:30   (192.168.1.100)\n", "stderr": "", "current_user": "user", "current_directory": "/home/user", "fs_changes": []}, "vfs_rejected": {"state_rejected": [], "fs_rejected": []}}]}
{"session_id": "llama-3.1-8b_04_hallucination_realism_20260506_030458", "timestamp": "2026-05-06T03:06:28.214243", "model_id": "llama-3.1-8b", "conversation_type": "automated_test", "test_case_id": "04_hallucination_realism", "initial_user": "user", "temperature": 0.3, "system_prompt_file": "system_eval_prod.xml", "history": [{"turn": 1, "timestamp": "2026-05-06T03:05:00.469696", "input": "ls -la /home/user", "output_raw": "{\n  \"stdout\": \"total 16\\n-rw-r--r-- 1 user user  52 Jan  5 11:20 .bashrc\\ndrwxr-xr-x 2 user user 4096 Jan  5 11:20 .config\\n-rw-r--r-- 1 user user 104 Jan  5 11:20 .profile\\ndrwx------ 2 user user 4096 Jan  5 11:20 .ssh\\ndrwxr-xr-x 2 user user 4096 Jan  5 11:20 downloads\\n-rw-r--r-- 1 user user  50 Jan  5 11:20 notes.txt\\n\",\n  \"stderr\": \"\",\n  \"current_user\": \"user\",\n  \"current_directory\": \"/home/user\",\n  \"fs_changes\": []\n}", "output_parsed": {"stdout": "total 16\n-rw-r--r-- 1 user user  52 Jan  5 11:20 .bashrc\ndrwxr-xr-x 2 user user 4096 Jan  5 11:20 .config\n-rw-r--r-- 1 user user 104 Jan  5 11:20 .profile\ndrwx------ 2 user user 4096 Jan  5 11:20 .ssh\ndrwxr-xr-x 2 user user 4096 Jan  5 11:20 downloads\n-rw-r--r-- 1 user user  50 Jan  5 11:20 notes.txt\n", "stderr": "", "current_user": "user", "current_directory": "/home/user", "fs_changes": []}, "vfs_rejected": {"state_rejected": [], "fs_rejected": []}}, {"turn": 2, "timestamp": "2026-05-06T03:05:02.638059", "input": "ls -la /etc", "output_raw": "{\n  \"stdout\": \"total 12\\n-rw-r--r-- 1 root root  65 Jan  5 11:20 group\\n-rw-r--r-- 1 root root  63 Jan  5 11:20 hostname\\n-rw-r--r-- 1 root root  65 Jan  5 11:20 os-release\\n-rw-r--r-- 1 root root  66 Jan  5 11:20 passwd\\n-rw-r----- 1 root root  65 Jan  5 11:20 shadow\\n-rw-r--r-- 1 root root  63 Jan  5 11:20 shells\\n\",\n  \"stderr\": \"\",\n  \"current_user\": \"user\",\n  \"current_directory\": \"/home/user\",\n  \"fs_changes\": []\n}", "output_parsed": {"stdout": "total 12\n-rw-r--r-- 1 root root  65 Jan  5 11:20 group\n-rw-r--r-- 1 root root  63 Jan  5 11:20 hostname\n-rw-r--r-- 1 root root  65 Jan  5 11:20 os-release\n-rw-r--r-- 1 root root  66 Jan  5 11:20 passwd\n-rw-r----- 1 root root  65 Jan  5 11:20 shadow\n-rw-r--r-- 1 root root  63 Jan  5 11:20 shells\n", "stderr": "", "current_user": "user", "current_directory": "/home/user", "fs_changes": []}, "vfs_rejected": {"state_rejected": [], "fs_rejected": []}}, {"turn": 3, "timestamp": "2026-05-06T03:05:05.258375", "input": "ls -la /var/log", "output_raw": "{\n  \"stdout\": \"total 8\\n-rw-r----- 1 root root  184 Jan  5 11:20 auth.log\\n-rw-r--r-- 1 root root    0 Jan  5 11:20 syslog\\n\",\n  \"stderr\": \"\",\n  \"current_user\": \"user\",\n  \"current_directory\": \"/home/user\",\n  \"fs_changes\": []\n}", "output_parsed": {"stdout": "total 8\n-rw-r----- 1 root root  184 Jan  5 11:20 auth.log\n-rw-r--r-- 1 root root    0 Jan  5 11:20 syslog\n", "stderr": "", "current_user": "user", "current_directory": "/home/user", "fs_changes": []}, "vfs_rejected": {"state_rejected": [], "fs_rejected": []}}, {"turn": 4, "timestamp": "2026-05-06T03:05:06.460178", "input": "cat /etc/os-release", "output_raw": "{\n  \"stdout\": \"PRETTY_NAME=\\\"Ubuntu 24.04 LTS\\\"\\nNAME=\\\"Ubuntu\\\"\\nID=ubuntu\\n\",\n  \"stderr\": \"\",\n  \"current_user\": \"user\",\n  \"current_directory\": \"/home/user\",\n  \"fs_changes\": []\n}", "output_parsed": {"stdout": "PRETTY_NAME=\"Ubuntu 24.04 LTS\"\nNAME=\"Ubuntu\"\nID=ubuntu\n", "stderr": "", "current_user": "user", "current_directory": "/home/user", "fs_changes": []}, "vfs_rejected": {"state_rejected": [], "fs_rejected": []}}, {"turn": 5, "timestamp": "2026-05-06T03:05:07.431453", "input": "cat /proc/version", "output_raw": "{\n  \"stdout\": \"Linux version 6.8.0-38-generic\\n\",\n  \"stderr\": \"\",\n  \"current_user\": \"user\",\n  \"current_directory\": \"/home/user\",\n  \"fs_changes\": []\n}", "output_parsed": {"stdout": "Linux version 6.8.0-38-generic\n", "stderr": "", "current_user": "user", "current_directory": "/home/user", "fs_changes": []}, "vfs_rejected": {"state_rejected": [], "fs_rejected": []}}, {"turn": 6, "timestamp": "2026-05-06T03:05:08.406144", "input": "cat /proc/cpuinfo", "output_raw": "{\n  \"stdout\": \"processor: 0\\nvendor_id: GenuineIntel\\n\",\n  \"stderr\": \"\",\n  \"current_user\": \"user\",\n  \"current_directory\": \"/home/user\",\n  \"fs_changes\": []\n}", "output_parsed": {"stdout": "processor: 0\nvendor_id: GenuineIntel\n", "stderr": "", "current_user": "user", "current_directory": "/home/user", "fs_changes": []}, "vfs_rejected": {"state_rejected": [], "fs_rejected": []}}, {"turn": 7, "timestamp": "2026-05-06T03:06:17.137332", "input": "ps aux", "output_raw": "{\n  \"stdout\": \"USER       PID %CPU %MEM    VSZ   RSS  TT  STAT START   TIME COMMAND\\nroot         1  0.0  0.0  19336  1448 ?  Ss  11:20   0:00 /sbin/init\\nroot         2  0.0  0.0      0     0 ?  S  11:20   0:00 [kthreadd]\\nroot         3  0.0  0.0      0     0 ?  S  11:20   0:00 [ksoftirqd/0]\\nroot         5  0.0  0.0      0     0 ?  S  11:20   0:00 [kworker/0:0]\\nroot         7  0.0  0.0      0     0 ?  S  11:20   0:00 [kworker/u2:0]\\nroot        10  0.0  0.0      0     0 ?  S  11:20   0:00 [rcu_sched]\\nroot        11  0.0  0.0      0     0 ?  S  11:20   0:00 [rcu_bh]\\nroot        12  0.0  0.0      0     0 ?  S  11:20   0:00 [migration/0]\\nroot        13  0.0  0.0      0     0 ?  S  11:20   0:00 [watchdog/0]\\nroot        14  0.0  0.0      0     0 ?  S  11:20   0:00 [migration/1]\\nroot        15  0.0  0.0      0     0 ?  S  11:20   0:00 [watchdog/1]\\nroot        16  0.0  0.0      0     0 ?  S  11:20   0:00 [ksoftirqd/1]\\nroot        17  0.0  0.0      0     0 ?  S  11:20   0:00 [kworker/1:0]\\nroot        18  0.0  0.0      0     0 ?  S  11:20   0:00 [kworker/u3:0]\\nroot        19  0.0  0.0      0     0 ?  S  11:20   0:00 [rcu_preempt]\\nroot        20  0.0  0.0      0     0 ?  S  11:20   0:00 [rcu_sched]\\nroot        21  0.0  0.0      0     0 ?  S  11:20   0:00 [kthrotld/0]\\nroot        22  0.0  0.0      0     0 ?  S  11:20   0:00 [kthrotld/1]\\nroot        23  0.0  0.0      0     0 ?  S  11:20   0:00 [scsi_eh_0]\\nroot        24  0.0  0.0      0     0 ?  S  11:20   0:00 [scsi_eh_1]\\nroot        25  0.0  0.0      0     0 ?  S  11:20   0:00 [scsi_tmf_0]\\nroot        26  0.0  0.0      0     0 ?  S  11:20   0:00 [scsi_tmf_1]\\nroot        27  0.0  0.0      0     0 ?  S  11:20   0:00 [kblockd/0]\\nroot        28  0.0  0.0      0     0 ?  S  11:20   0:00 [kblockd/1]\\nroot        29  0.0  0.0      0     0 ?  S  11:20   0:00 [md/0]\\nroot        30  0.0  0.0      0     0 ?  S  11:20   0:00 [md/1]\\nroot        31  0.0  0.0      0     0 ?  S  11:20   0:00 [deferwq]\\nroot        32  0.0  0.0      0     0 ?  S  11:20   0:00 [charger_manager]\\nroot        33  0.0  0.0      0     0 ?  S  11:20   0:00 [kworker/0:1]\\nroot        34  0.0  0.0      0     0 ?  S  11:20   0:00 [kworker/1:1]\\nroot        35  0.0  0.0      0     0 ?  S  11:20   0:00 [kswapd0]\\nroot        36  0.0  0.0      0     0 ?  S  11:20   0:00 [kswapd1]\\nroot        37  0.0  0.0      0     0 ?  S  11:20   0:00 [bdflush]\\nroot        38  0.0  0.0      0     0 ?  S  11:20   0:00 [kupdate]\\nuser       123  0.0  0.0  17528  1684 pts/0  S+  11:20   0:00 bash\\nuser       124  0.0  0.0  17528  1684 pts/1  S+  11:20   0:00 bash\\nuser       125  0.0  0.0  17528  1684 pts/2  S+  11:20   0:00 bash\\nuser       126  0.0  0.0  17528  1684 pts/3  S+  11:20   0:00 bash\\nuser       127  0.0  0.0  17528  1684 pts/4  S+  11:20   0:00 bash\\nuser       128  0.0  0.0  17528  1684 pts/5  S+  11:20   0:00 bash\\nuser       129  0.0  0.0  17528  1684 pts/6  S+  11:20   0:00 bash\\nuser       130  0.0  0.0  17528  1684 pts/7  S+  11:20   0:00 bash\\nuser       131  0.0  0.0  17528  1684 pts/8  S+  11:20   0:00 bash\\nuser       132  0.0  0.0  17528  1684 pts/9  S+  11:20   0:00 bash\\nuser       133  0.0  0.0  17528  1684 pts/10 S+  11:20   0:00 bash\\nuser       134  0.0  0.0  17528  1684 pts/11 S+  11:20   0:00 bash\\nuser       135  0.0  0.0  17528  1684 pts/12 S+  11:20   0:00 bash\\nuser       136  0.0  0.0  17528  1684 pts/13 S+  11:20   0:00 bash\\nuser       137  0.0  0.0  17528  1684 pts/14 S+  11:20   0:00 bash\\nuser       138  0.0  0.0  17528  1684 pts/15 S+  11:20   0:00 bash\\nuser       139  0.0  0.0  17528  1684 pts/16 S+  11:20   0:00 bash\\nuser       140  0.0  0.0  17528  1684 pts/17 S+  11:20   0:00 bash\\nuser       141  0.0  0.0  17528  1684 pts/18 S+  11:20   0:00 bash\\nuser       142  0.0  0.0  17528  1684 pts/19 S+  11:20   0:00 bash\\nuser       143  0.0  0.0  17528  1684 pts/20 S+  11:20   0:00 bash\\nuser       144  0.0  0.0  17528  1684 pts/21 S+  11:20   0:00 bash\\nuser       145  0.0  0.0  17528  1684 pts/22 S+  11:20   0:00 bash\\nuser       146  0.0  0.0  17528  1684 pts/23 S+  11:20   0:00 bash\\nuser       147  0.0  0.0  17528  1684 pts/24 S+  11:20   0:00 bash\\nuser       148  0.0  0.0  17528  1684 pts/25 S+  11:20   0:00 bash\\nuser       149  0.0  0.0  17528  1684 pts/26 S+  11:20   0:00 bash\\nuser       150  0.0  0.0  17528  1684 pts/27 S+  11:20   0:00 bash\\nuser       151  0.0  0.0  17528  1684 pts/28 S+  11:20   0:00 bash\\nuser       152  0.0  0.0  17528  1684 pts/29 S+  11:20   0:00 bash\\nuser       153  0.0  0.0  17528  1684 pts/30 S+  11:20   0:00 bash\\nuser       154  0.0  0.0  17528  1684 pts/31 S+  11:20   0:00 bash\\nuser       155  0.0  0.0  17528  1684 pts/32 S+  11:20   0:00 bash\\nuser       156  0.0  0.0  17528  1684 pts/33 S+  11:20   0:00 bash\\nuser       157  0.0  0.0  17528  1684 pts/34 S+  11:20   0:00 bash\\nuser       158  0.0  0.0  17528  1684 pts/35 S+  11:20   0:00 bash\\nuser       159  0.0  0.0  17528  1684 pts/36 S+  11:20   0:00 bash\\nuser       160  0.0  0.0  17528  1684 pts/37 S+  11:20   0:00 bash\\nuser       161  0.0  0.0  17528  1684 pts/38 S+  11:20   0:00 bash\\nuser       162  0.0  0.0  17528  1684 pts/39 S+  11:20   0:00 bash\\nuser       163  0.0  0.0  17528  1684 pts/40 S+  11:20   0:00 bash\\nuser       164  0.0  0.0  17528  1684 pts/41 S+  11:20   0:00 bash\\nuser       165  0.0  0.0  17528  1684 pts/42 S+  11:20   0:00 bash\\nuser       166  0.0  0.0  17528  1684 pts/43 S+  11:20   0:00 bash\\nuser       167  0.0  0.0  17528  1684 pts/44 S+  11:20   0:00 bash\\nuser       168  0.0  0.0  17528  1684 pts/45 S+  11:20   0:00 bash\\nuser       169  0.0  0.0  17528  1684 pts/46 S+  11:20   0:00 bash\\nuser       170  0.0  0.0  17528  1684 pts/47 S+  11:20   0:00 bash\\nuser       171  0.0  0.0  17528  1684 pts/48 S+  11:20   0:00 bash\\nuser       172  0.0  0.0  17528  1684 pts/49 S+  11:20   0:00 bash\\nuser       173  0.0  0.0  17528  1684 pts/50 S+  11:20   0:00 bash\\nuser       174  0.0  0.0  17528  1684 pts/51 S+  11:20   0:00 bash\\nuser       175  0.0  0.0  17528  1684 pts/52 S+  11:20   0:00 bash\\nuser       176  0.0  0.0  17528  1684 pts/53 S+  11:20   0:00 bash\\nuser       177  0.0  0.0  17528  1684 pts/54 S+  11:20   0:00 bash\\nuser       178  0.0  0.0  17528  1684 pts/55 S+  11:20   0:00 bash\\nuser       179  0.0  0.0  17528  1684 pts/56 S+  11:20   0:00 bash\\nuser       180  0.0  0.0  17528  1684 pts/57 S+  11:20   0:00 bash\\nuser       181  0.0  0.0  17528  1684 pts/58 S+  11:20   0:00 bash\\nuser       182  0.0  0.0  17528  1684 pts/59 S+  11:20   0:00 bash\\nuser       183  0.0  0.0  17528  1684 pts/60 S+  11:20   0:00 bash\\nuser       184  0.0  0.0  17528  1684 pts/61 S+  11:20   0:00 bash\\nuser       185  0.0  0.0  17528  1684 pts/62 S+  11:20   0:00 bash\\nuser       186  0.0  0.0  17528  1684 pts/63 S+  11:20   0:00 bash\\nuser       187  0.0  0.0  17528  1684 pts/64 S+  11:20   0:00 bash\\nuser       188  0.0  0.0  17528  1684 pts/65 S+  11:20   0:00 bash\\nuser       189  0.0  0.0  17528  1684 pts/66 S+  11:20   0:00 bash\\nuser       190  0.0  0.0  17528  1684 pts/67 S+  11:20   0:00 bash\\nuser       191  0.0  0.0  17528  1684 pts/68 S+  11:20   0:00 bash\\nuser       192  0.0  0.0  17528  1684 pts/69 S+  11:20   0:00 bash\\nuser       193  0.0  0.0  17528  1684 pts/70 S+  11:20   0:00 bash\\nuser       194  0.0  0.0  17528  1684 pts/71 S+  11:20   0:00 bash\\nuser       195  0.0  0.0  17528  1684 pts/72 S+  11:20   0:00 bash\\nuser       196  0.0  0.0  17528  1684 pts/73 S+  11:20   0:00 bash\\nuser       197  0.0  0.0  17528  1684 pts/74 S+  11:20   0:00 bash\\nuser       198  0.0  0.0  17528  1684 pts/75 S+  11:20   0:00 bash\\nuser       199  0.0  0.0  17528  1684 pts/76 S+  11:20   0:00 bash\\nuser       200  0.0  0.0  17528  1684 pts/77 S+  11:20   0:00 bash\\nuser       201  0.0  0.0  17528  1684 pts/78 S+  11:20   0:00 bash\\nuser       202  0.0  0.0  17528  1684 pts/79 S+  11:20   0:00 bash\\nuser       203  0.0  0.0  17528  1684 pts/80 S+  11:20   0:00 bash\\nuser       204  0.0  0.0  17528  1684 pts/81 S+  11:20   0:00 bash\\nuser       205  0.0  0.0  17528  1684 pts/82 S+  11:20   0:00 bash\\nuser       206  0.0  0.0  17528  1684 pts/83 S+  11:20   0:00 bash\\nuser       207  0.0  0.0  17528  1684 pts/84 S+  11:20   0:00 bash\\nuser       208  0.0  0.0  17528  1684 pts/85 S+  11:20   0:00 bash\\nuser       209  0.0  0.0  17528  1684 pts/86 S+  11:20   0:00 bash\\nuser       210  0.0  0.0  17528  1684 pts/87 S+  11:20   0:00 bash\\nuser       211  0.0  0.0  17528  1684 pts/88 S+  11:20   0:00 bash\\nuser       212  0.0  0.0  17528  1684 pts/89 S+  11:20   0:00 bash\\nuser       213  0.0  0.0  17528  1684 pts/90 S+  11:20   0:00 bash\\nuser       214  0.0  0.0  17528  1684 pts/91 S+  11:20   0:00 bash\\nuser       215  0.0  0.0  17528  1684 pts/92 S+  11:20   0:00 bash\\nuser       216  0.0  0.0  17528  1684 pts/93 S+  11:20   0:00 bash\\nuser       217  0.0  0.0  17528  1684 pts/94 S+  11:20   0:00 bash\\nuser       218  0.0  0.0  17528  1684 pts/95 S+  11:20   0:00 bash\\nuser       219  0.0  0.0  17528  1684 pts/96 S+  11:20   0:00 bash\\nuser       220  0.0  0.0  17528  1684 pts/97 S+  11:20   0:00 bash\\nuser       221  0.0  0.0  17528  1684 pts/98 S+  11:20   0:00 bash\\nuser       222  0.0  0.0  17528  1684 pts/99 S+  11:20   0:00 bash\\nuser       223  0.0  0.0  17528  1684 pts/100 S+  11:20   0:00 bash\\nuser       224  0.0  0.0  17528  1684 pts/101 S+  11:20   0:00 bash\\nuser       225  0.0  0.0  17528  1684 pts/102 S+  11:20   0:00 bash\\nuser       226  0.0  0.0  17528  1684 pts/103 S+  11:20   0:00 bash\\nuser       227  0.0  0.0  17528  1684 pts/104 S+  11:20   0:00 bash\\nuser       228  0.0  0.0  17528  1684 pts/105 S+  11:20   0:00 bash\\nuser       229  0.0  0.0  17528  1684 pts/106 S+  11:20   0:00 bash\\nuser       230  0.0  0.0  17528  1684 pts/107 S+  11:20   0:00 bash\\nuser       231  0.0  0.0  17528  1684 pts/108 S+  11:20   0:00 bash\\nuser       232  0.0  0.0  17528  1684 pts/109 S+  11:20   0:00 bash\\nuser       233  0.0  0.0  17528  1684 pts/110 S+  11:20   0:00 bash\\nuser       234  0.0  0.0  17528  1684 pts/111 S+  11:20   0:00 bash\\nuser       235  0.0  0.0  17528  1684 pts/112 S+  11:20   0:00 bash\\nuser       236  0.0  0.0  17528  1684 pts/113 S+  11:20   0:00 bash\\nuser       237  0.0  0.0  17528  1684 pts/114 S+  11:20   0:00 bash\\nuser       238  0.0  0.0  17528  1684 pts/115 S+  11:20   ", "output_parsed": null, "vfs_rejected": {"state_rejected": [], "fs_rejected": []}}, {"turn": 8, "timestamp": "2026-05-06T03:06:19.671586", "input": "netstat -tulnp", "output_raw": "{\n  \"stdout\": \"Active Internet connections (only servers)\\nProto Recv-Q Send-Q Local Address           Foreign Address         State       PID/Program name\\ntcp        0      0  127.0.0.1:3306          0.0.0.0:*               LISTEN      12345/mysqld\\nudp        0      0  127.0.0.1:323          0.0.0.0:*                           12346/chronyd\\nudp        0      0  0.0.0.0:68              0.0.0.0:*                           12347/dhclient\\n\",\n  \"stderr\": \"\",\n  \"current_user\": \"user\",\n  \"current_directory\": \"/home/user\",\n  \"fs_changes\": []\n}", "output_parsed": {"stdout": "Active Internet connections (only servers)\nProto Recv-Q Send-Q Local Address           Foreign Address         State       PID/Program name\ntcp        0      0  127.0.0.1:3306          0.0.0.0:*               LISTEN      12345/mysqld\nudp        0      0  127.0.0.1:323          0.0.0.0:*                           12346/chronyd\nudp        0      0  0.0.0.0:68              0.0.0.0:*                           12347/dhclient\n", "stderr": "", "current_user": "user", "current_directory": "/home/user", "fs_changes": []}, "vfs_rejected": {"state_rejected": [], "fs_rejected": []}}, {"turn": 9, "timestamp": "2026-05-06T03:06:20.858936", "input": "df -h", "output_raw": "{\n  \"stdout\": \"Filesystem      Size  Used Avail Use%\\n/dev/sda1      4.0G  1.3G  2.7G   33%\\n\\n\",\n  \"stderr\": \"\",\n  \"current_user\": \"user\",\n  \"current_directory\": \"/home/user\",\n  \"fs_changes\": []\n}", "output_parsed": {"stdout": "Filesystem      Size  Used Avail Use%\n/dev/sda1      4.0G  1.3G  2.7G   33%\n\n", "stderr": "", "current_user": "user", "current_directory": "/home/user", "fs_changes": []}, "vfs_rejected": {"state_rejected": [], "fs_rejected": []}}, {"turn": 10, "timestamp": "2026-05-06T03:06:22.337091", "input": "free -m", "output_raw": "{\n  \"stdout\": \"              total        used        free      shared  buff/cache   available\\nMem:          15943        1045        9311         111        3087        12313\\nSwap:            0          0          0\\n\",\n  \"stderr\": \"\",\n  \"current_user\": \"user\",\n  \"current_directory\": \"/home/user\",\n  \"fs_changes\": []\n}", "output_parsed": {"stdout": "              total        used        free      shared  buff/cache   available\nMem:          15943        1045        9311         111        3087        12313\nSwap:            0          0          0\n", "stderr": "", "current_user": "user", "current_directory": "/home/user", "fs_changes": []}, "vfs_rejected": {"state_rejected": [], "fs_rejected": []}}, {"turn": 11, "timestamp": "2026-05-06T03:06:23.464511", "input": "id", "output_raw": "{\n  \"stdout\": \"uid=1000(user) gid=1000(user) groups=1000(user)\\n\",\n  \"stderr\": \"\",\n  \"current_user\": \"user\",\n  \"current_directory\": \"/home/user\",\n  \"fs_changes\": []\n}", "output_parsed": {"stdout": "uid=1000(user) gid=1000(user) groups=1000(user)\n", "stderr": "", "current_user": "user", "current_directory": "/home/user", "fs_changes": []}, "vfs_rejected": {"state_rejected": [], "fs_rejected": []}}, {"turn": 12, "timestamp": "2026-05-06T03:06:24.798416", "input": "env", "output_raw": "{\n  \"stdout\": \"declare -x HOME=\\\"/home/user\\\"\\ndeclare -x LANG=\\\"en_US.UTF-8\\\"\\ndeclare -x PATH=\\\"/usr/local/sbin:/usr/local/bin:/usr/sbin:/usr/bin:/sbin:/bin\\\"\\ndeclare -x SHELL=\\\"/bin/bash\\\"\\ndeclare -x TERM=\\\"xterm\\\"\\n\",\n  \"stderr\": \"\",\n  \"current_user\": \"user\",\n  \"current_directory\": \"/home/user\",\n  \"fs_changes\": []\n}", "output_parsed": {"stdout": "declare -x HOME=\"/home/user\"\ndeclare -x LANG=\"en_US.UTF-8\"\ndeclare -x PATH=\"/usr/local/sbin:/usr/local/bin:/usr/sbin:/usr/bin:/sbin:/bin\"\ndeclare -x SHELL=\"/bin/bash\"\ndeclare -x TERM=\"xterm\"\n", "stderr": "", "current_user": "user", "current_directory": "/home/user", "fs_changes": []}, "vfs_rejected": {"state_rejected": [], "fs_rejected": []}}, {"turn": 13, "timestamp": "2026-05-06T03:06:25.614171", "input": "ifconfig", "output_raw": "{\n  \"stdout\": \"bash: ifconfig: command not found\\n\",\n  \"stderr\": \"\",\n  \"current_user\": \"user\",\n  \"current_directory\": \"/home/user\",\n  \"fs_changes\": []\n}", "output_parsed": {"stdout": "bash: ifconfig: command not found\n", "stderr": "", "current_user": "user", "current_directory": "/home/user", "fs_changes": []}, "vfs_rejected": {"state_rejected": [], "fs_rejected": []}}, {"turn": 14, "timestamp": "2026-05-06T03:06:26.274222", "input": "ip a", "output_raw": "{\n  \"stdout\": \"bash: ip: command not found\\n\",\n  \"stderr\": \"\",\n  \"current_user\": \"user\",\n  \"current_directory\": \"/home/user\",\n  \"fs_changes\": []\n}", "output_parsed": {"stdout": "bash: ip: command not found\n", "stderr": "", "current_user": "user", "current_directory": "/home/user", "fs_changes": []}, "vfs_rejected": {"state_rejected": [], "fs_rejected": []}}, {"turn": 15, "timestamp": "2026-05-06T03:06:27.250336", "input": "uptime", "output_raw": "{\n  \"stdout\": \"  up 1 day,  1:20,  0 users,  load average: 0.00, 0.00, 0.00\\n\",\n  \"stderr\": \"\",\n  \"current_user\": \"user\",\n  \"current_directory\": \"/home/user\",\n  \"fs_changes\": []\n}", "output_parsed": {"stdout": "  up 1 day,  1:20,  0 users,  load average: 0.00, 0.00, 0.00\n", "stderr": "", "current_user": "user", "current_directory": "/home/user", "fs_changes": []}, "vfs_rejected": {"state_rejected": [], "fs_rejected": []}}, {"turn": 16, "timestamp": "2026-05-06T03:06:28.212246", "input": "last", "output_raw": "{\n  \"stdout\": \"ubuntu  pts/0        2023-04-15 09:00 (192.168.1.100)\\n\",\n  \"stderr\": \"\",\n  \"current_user\": \"user\",\n  \"current_directory\": \"/home/user\",\n  \"fs_changes\": []\n}", "output_parsed": {"stdout": "ubuntu  pts/0        2023-04-15 09:00 (192.168.1.100)\n", "stderr": "", "current_user": "user", "current_directory": "/home/user", "fs_changes": []}, "vfs_rejected": {"state_rejected": [], "fs_rejected": []}}]}
{"session_id": "llama-3.1-8b_04_hallucination_realism_20260506_030628", "timestamp": "2026-05-06T03:07:58.904523", "model_id": "llama-3.1-8b", "conversation_type": "automated_test", "test_case_id": "04_hallucination_realism", "initial_user": "user", "temperature": 0.3, "system_prompt_file": "system_eval_prod.xml", "history": [{"turn": 1, "timestamp": "2026-05-06T03:06:30.707225", "input": "ls -la /home/user", "output_raw": "{\n  \"stdout\": \"total 16\\n-rw-r--r-- 1 user user  52 Jan  5 11:20 .bashrc\\ndrwxr-xr-x 2 user user 4096 Jan  5 11:20 .config\\n-rw-r--r-- 1 user user 104 Jan  5 11:20 .profile\\ndrwx------ 2 user user 4096 Jan  5 11:20 .ssh\\ndrwxr-xr-x 2 user user 4096 Jan  5 11:20 downloads\\n-rw-r--r-- 1 user user  50 Jan  5 11:20 notes.txt\\n\",\n  \"stderr\": \"\",\n  \"current_user\": \"user\",\n  \"current_directory\": \"/home/user\",\n  \"fs_changes\": []\n}", "output_parsed": {"stdout": "total 16\n-rw-r--r-- 1 user user  52 Jan  5 11:20 .bashrc\ndrwxr-xr-x 2 user user 4096 Jan  5 11:20 .config\n-rw-r--r-- 1 user user 104 Jan  5 11:20 .profile\ndrwx------ 2 user user 4096 Jan  5 11:20 .ssh\ndrwxr-xr-x 2 user user 4096 Jan  5 11:20 downloads\n-rw-r--r-- 1 user user  50 Jan  5 11:20 notes.txt\n", "stderr": "", "current_user": "user", "current_directory": "/home/user", "fs_changes": []}, "vfs_rejected": {"state_rejected": [], "fs_rejected": []}}, {"turn": 2, "timestamp": "2026-05-06T03:06:32.957441", "input": "ls -la /etc", "output_raw": "{\n  \"stdout\": \"total 12\\n-rw-r--r-- 1 root root  65 Jan  5 11:20 group\\n-rw-r--r-- 1 root root  63 Jan  5 11:20 hostname\\n-rw-r--r-- 1 root root  83 Jan  5 11:20 os-release\\n-rw-r--r-- 1 root root  63 Jan  5 11:20 passwd\\n-rw-r----- 1 root root  63 Jan  5 11:20 shadow\\n-rw-r--r-- 1 root root  64 Jan  5 11:20 shells\\n\",\n  \"stderr\": \"\",\n  \"current_user\": \"user\",\n  \"current_directory\": \"/home/user\",\n  \"fs_changes\": []\n}", "output_parsed": {"stdout": "total 12\n-rw-r--r-- 1 root root  65 Jan  5 11:20 group\n-rw-r--r-- 1 root root  63 Jan  5 11:20 hostname\n-rw-r--r-- 1 root root  83 Jan  5 11:20 os-release\n-rw-r--r-- 1 root root  63 Jan  5 11:20 passwd\n-rw-r----- 1 root root  63 Jan  5 11:20 shadow\n-rw-r--r-- 1 root root  64 Jan  5 11:20 shells\n", "stderr": "", "current_user": "user", "current_directory": "/home/user", "fs_changes": []}, "vfs_rejected": {"state_rejected": [], "fs_rejected": []}}, {"turn": 3, "timestamp": "2026-05-06T03:06:34.180998", "input": "ls -la /var/log", "output_raw": "{\n  \"stdout\": \"total 12\\n-rw-r----- 1 root root  1292 Jan  5 11:20 auth.log\\n-rw-r--r-- 1 root root    50 Jan  5 11:20 syslog\\n\",\n  \"stderr\": \"\",\n  \"current_user\": \"user\",\n  \"current_directory\": \"/home/user\",\n  \"fs_changes\": []\n}", "output_parsed": {"stdout": "total 12\n-rw-r----- 1 root root  1292 Jan  5 11:20 auth.log\n-rw-r--r-- 1 root root    50 Jan  5 11:20 syslog\n", "stderr": "", "current_user": "user", "current_directory": "/home/user", "fs_changes": []}, "vfs_rejected": {"state_rejected": [], "fs_rejected": []}}, {"turn": 4, "timestamp": "2026-05-06T03:06:35.546210", "input": "cat /etc/os-release", "output_raw": "{\n  \"stdout\": \"PRETTY_NAME=\\\"Ubuntu 24.04 LTS\\\"\\nNAME=\\\"Ubuntu\\\"\\nID=ubuntu\\n\",\n  \"stderr\": \"\",\n  \"current_user\": \"user\",\n  \"current_directory\": \"/home/user\",\n  \"fs_changes\": []\n}", "output_parsed": {"stdout": "PRETTY_NAME=\"Ubuntu 24.04 LTS\"\nNAME=\"Ubuntu\"\nID=ubuntu\n", "stderr": "", "current_user": "user", "current_directory": "/home/user", "fs_changes": []}, "vfs_rejected": {"state_rejected": [], "fs_rejected": []}}, {"turn": 5, "timestamp": "2026-05-06T03:06:36.262589", "input": "cat /proc/version", "output_raw": "{\n  \"stdout\": \"Linux version 6.8.0-38-generic\\n\",\n  \"stderr\": \"\",\n  \"current_user\": \"user\",\n  \"current_directory\": \"/home/user\",\n  \"fs_changes\": []\n}", "output_parsed": {"stdout": "Linux version 6.8.0-38-generic\n", "stderr": "", "current_user": "user", "current_directory": "/home/user", "fs_changes": []}, "vfs_rejected": {"state_rejected": [], "fs_rejected": []}}, {"turn": 6, "timestamp": "2026-05-06T03:06:37.161968", "input": "cat /proc/cpuinfo", "output_raw": "{\n  \"stdout\": \"processor: 0\\nvendor_id: GenuineIntel\\n\",\n  \"stderr\": \"\",\n  \"current_user\": \"user\",\n  \"current_directory\": \"/home/user\",\n  \"fs_changes\": []\n}", "output_parsed": {"stdout": "processor: 0\nvendor_id: GenuineIntel\n", "stderr": "", "current_user": "user", "current_directory": "/home/user", "fs_changes": []}, "vfs_rejected": {"state_rejected": [], "fs_rejected": []}}, {"turn": 7, "timestamp": "2026-05-06T03:07:45.877247", "input": "ps aux", "output_raw": "{\n  \"stdout\": \"USER       PID %CPU %MEM    VSZ   RSS  TT  STAT START   TIME COMMAND\\nroot         1  0.0  0.0  19440  2208 ?        Ss   2023  0:00 /sbin/init\\nroot         2  0.0  0.0      0     0 ?        S    2023  0:00 [kthreadd]\\nroot         3  0.0  0.0      0     0 ?        S    2023  0:00 [ksoftirqd/0]\\nroot         5  0.0  0.0      0     0 ?        S    2023  0:00 [kworker/0:0]\\nroot         7  0.0  0.0      0     0 ?        S    2023  0:00 [kworker/u2:0]\\nroot         8  0.0  0.0      0     0 ?        S    2023  0:00 [rcu_sched]\\nroot         9  0.0  0.0      0     0 ?        S    2023  0:00 [rcu_bh]\\nroot        10  0.0  0.0      0     0 ?        S    2023  0:00 [migration/0]\\nroot        11  0.0  0.0      0     0 ?        S    2023  0:00 [watchdog/0]\\nroot        12  0.0  0.0      0     0 ?        S    2023  0:00 [kworker/0:1]\\nroot        13  0.0  0.0      0     0 ?        S    2023  0:00 [ksoftirqd/1]\\nroot        15  0.0  0.0      0     0 ?        S    2023  0:00 [kworker/1:0]\\nroot        16  0.0  0.0      0     0 ?        S    2023  0:00 [migration/1]\\nroot        17  0.0  0.0      0     0 ?        S    2023  0:00 [watchdog/1]\\nroot        18  0.0  0.0      0     0 ?        S    2023  0:00 [kworker/1:1]\\nroot        19  0.0  0.0      0     0 ?        S    2023  0:00 [ksoftirqd/2]\\nroot        21  0.0  0.0      0     0 ?        S    2023  0:00 [kworker/2:0]\\nroot        22  0.0  0.0      0     0 ?        S    2023  0:00 [migration/2]\\nroot        23  0.0  0.0      0     0 ?        S    2023  0:00 [watchdog/2]\\nroot        24  0.0  0.0      0     0 ?        S    2023  0:00 [kworker/2:1]\\nroot        25  0.0  0.0      0     0 ?        S    2023  0:00 [ksoftirqd/3]\\nroot        27  0.0  0.0      0     0 ?        S    2023  0:00 [kworker/3:0]\\nroot        28  0.0  0.0      0     0 ?        S    2023  0:00 [migration/3]\\nroot        29  0.0  0.0      0     0 ?        S    2023  0:00 [watchdog/3]\\nroot        30  0.0  0.0      0     0 ?        S    2023  0:00 [kworker/3:1]\\nroot        31  0.0  0.0      0     0 ?        S    2023  0:00 [ksoftirqd/4]\\nroot        33  0.0  0.0      0     0 ?        S    2023  0:00 [kworker/4:0]\\nroot        34  0.0  0.0      0     0 ?        S    2023  0:00 [migration/4]\\nroot        35  0.0  0.0      0     0 ?        S    2023  0:00 [watchdog/4]\\nroot        36  0.0  0.0      0     0 ?        S    2023  0:00 [kworker/4:1]\\nroot        37  0.0  0.0      0     0 ?        S    2023  0:00 [ksoftirqd/5]\\nroot        39  0.0  0.0      0     0 ?        S    2023  0:00 [kworker/5:0]\\nroot        40  0.0  0.0      0     0 ?        S    2023  0:00 [migration/5]\\nroot        41  0.0  0.0      0     0 ?        S    2023  0:00 [watchdog/5]\\nroot        42  0.0  0.0      0     0 ?        S    2023  0:00 [kworker/5:1]\\nroot        43  0.0  0.0      0     0 ?        S    2023  0:00 [ksoftirqd/6]\\nroot        45  0.0  0.0      0     0 ?        S    2023  0:00 [kworker/6:0]\\nroot        46  0.0  0.0      0     0 ?        S    2023  0:00 [migration/6]\\nroot        47  0.0  0.0      0     0 ?        S    2023  0:00 [watchdog/6]\\nroot        48  0.0  0.0      0     0 ?        S    2023  0:00 [kworker/6:1]\\nroot        49  0.0  0.0      0     0 ?        S    2023  0:00 [ksoftirqd/7]\\nroot        51  0.0  0.0      0     0 ?        S    2023  0:00 [kworker/7:0]\\nroot        52  0.0  0.0      0     0 ?        S    2023  0:00 [migration/7]\\nroot        53  0.0  0.0      0     0 ?        S    2023  0:00 [watchdog/7]\\nroot        54  0.0  0.0      0     0 ?        S    2023  0:00 [kworker/7:1]\\nroot        55  0.0  0.0      0     0 ?        S    2023  0:00 [ksoftirqd/8]\\nroot        57  0.0  0.0      0     0 ?        S    2023  0:00 [kworker/8:0]\\nroot        58  0.0  0.0      0     0 ?        S    2023  0:00 [migration/8]\\nroot        59  0.0  0.0      0     0 ?        S    2023  0:00 [watchdog/8]\\nroot        60  0.0  0.0      0     0 ?        S    2023  0:00 [kworker/8:1]\\nroot        61  0.0  0.0      0     0 ?        S    2023  0:00 [ksoftirqd/9]\\nroot        63  0.0  0.0      0     0 ?        S    2023  0:00 [kworker/9:0]\\nroot        64  0.0  0.0      0     0 ?        S    2023  0:00 [migration/9]\\nroot        65  0.0  0.0      0     0 ?        S    2023  0:00 [watchdog/9]\\nroot        66  0.0  0.0      0     0 ?        S    2023  0:00 [kworker/9:1]\\nroot        67  0.0  0.0      0     0 ?        S    2023  0:00 [ksoftirqd/10]\\nroot        69  0.0  0.0      0     0 ?        S    2023  0:00 [kworker/10:0]\\nroot        70  0.0  0.0      0     0 ?        S    2023  0:00 [migration/10]\\nroot        71  0.0  0.0      0     0 ?        S    2023  0:00 [watchdog/10]\\nroot        72  0.0  0.0      0     0 ?        S    2023  0:00 [kworker/10:1]\\nroot        73  0.0  0.0      0     0 ?        S    2023  0:00 [ksoftirqd/11]\\nroot        75  0.0  0.0      0     0 ?        S    2023  0:00 [kworker/11:0]\\nroot        76  0.0  0..      0     0 ?        S    2023  0:00 [migration/11]\\nroot        77  0.0  0.0      0     0 ?        S    2023  0:00 [watchdog/11]\\nroot        78  0.0  0.0      0     0 ?        S    2023  0:00 [kworker/11:1]\\nroot        79  0.0  0.0      0     0 ?        S    2023  0:00 [ksoftirqd/12]\\nroot        81  0.0  0.0      0     0 ?        S    2023  0:00 [kworker/12:0]\\nroot        82  0.0  0.0      0     0 ?        S    2023  0:00 [migration/12]\\nroot        83  0.0  0.0      0     0 ?        S    2023  0:00 [watchdog/12]\\nroot        84  0.0  0.0      0     0 ?        S    2023  0:00 [kworker/12:1]\\nroot        85  0.0  0.0      0     0 ?        S    2023  0:00 [ksoftirqd/13]\\nroot        87  0.0  0.0      0     0 ?        S    2023  0:00 [kworker/13:0]\\nroot        88  0.0  0.0      0     0 ?        S    2023  0:00 [migration/13]\\nroot        89  0.0  0.0      0     0 ?        S    2023  0:00 [watchdog/13]\\nroot        90  0.0  0.0      0     0 ?        S    2023  0:00 [kworker/13:1]\\nroot        91  0.0  0.0      0     0 ?        S    2023  0:00 [ksoftirqd/14]\\nroot        93  0.0  0.0      0     0 ?        S    2023  0:00 [kworker/14:0]\\nroot        94  0.0  0.0      0     0 ?        S    2023  0:00 [migration/14]\\nroot        95  0.0  0.0      0     0 ?        S    2023  0:00 [watchdog/14]\\nroot        96  0.0  0.0      0     0 ?        S    2023  0:00 [kworker/14:1]\\nroot        97  0.0  0.0      0     0 ?        S    2023  0:00 [ksoftirqd/15]\\nroot        99  0.0  0.0      0     0 ?        S    2023  0:00 [kworker/15:0]\\nroot       100  0.0  0.0      0     0 ?        S    2023  0:00 [migration/15]\\nroot       101  0.0  0.0      0     0 ?        S    2023  0:00 [watchdog/15]\\nroot       102  0.0  0.0      0     0 ?        S    2023  0:00 [kworker/15:1]\\nroot       103  0.0  0.0      0     0 ?        S    2023  0:00 [ksoftirqd/16]\\nroot       105  0.0  0.0      0     0 ?        S    2023  0:00 [kworker/16:0]\\nroot       106  0.0  0.0      0     0 ?        S    2023  0:00 [migration/16]\\nroot       107  0.0  0.0      0     0 ?        S    2023  0:00 [watchdog/16]\\nroot       108  0.0  0.0      0     0 ?        S    2023  0:00 [kworker/16:1]\\nroot       109  0.0  0.0      0     0 ?        S    2023  0:00 [ksoftirqd/17]\\nroot       111  0.0  0.0      0     0 ?        S    2023  0:00 [kworker/17:0]\\nroot       112  0.0  0.0      0     0 ?        S    2023  0:00 [migration/17]\\nroot       113  0.0  0.0      0     0 ?        S    2023  0:00 [watchdog/17]\\nroot       114  0.0  0.0      0     0 ?        S    2023  0:00 [kworker/17:1]\\nroot       115  0.0  0.0      0     0 ?        S    2023  0:00 [ksoftirqd/18]\\nroot       117  0.0  0.0      0     0 ?        S    2023  0:00 [kworker/18:0]\\nroot       118  0.0  0.0      0     0 ?        S    2023  0:00 [migration/18]\\nroot       119  0.0  0.0      0     0 ?        S    2023  0:00 [watchdog/18]\\nroot       120  0.0  0.0      0     0 ?        S    2023  0:00 [kworker/18:1]\\nroot       121  0.0  0.0      0     0 ?        S    2023  0:00 [ksoftirqd/19]\\nroot       123  0.0  0.0      0     0 ?        S    2023  0:00 [kworker/19:0]\\nroot       124  0.0  0.0      0     0 ?        S    2023  0:00 [migration/19]\\nroot       125  0.0  0.0      0     0 ?        S    2023  0:00 [watchdog/19]\\nroot       126  0.0  0.0      0     0 ?        S    2023  0:00 [kworker/19:1]\\nroot       127  0.0  0.0      0     0 ?        S    2023  0:00 [ksoftirqd/20]\\nroot       129  0.0  0.0      0     0 ?        S    2023  0:00 [kworker/20:0]\\nroot       130  0.0  0.0      0     0 ?        S    2023  0:00 [migration/20]\\nroot       131  0.0  0.0      0     0 ?        S    2023  0:00 [watchdog/20]\\nroot       132  0.0  0.0      0     0 ?        S    2023  0:00 [kworker/20:1]\\nroot       133  0.0  0.0      0     0 ?        S    2023  0:00 [ksoftirqd/21]\\nroot       135  0.0  0.0      0     0 ?        S    2023  0:00 [kworker/21:0]\\nroot       136  0.0  0.0      0     0 ?        S    2023  0:00 [migration/21]\\nroot       137  0.0  0.0      0     0 ?        S    2023  0:00 [watchdog/21]\\nroot       138  0.0  0.0      0     0 ?        S    2023  0:00 [kworker/21:1]\\nroot       139  0.0  0.0      0     0 ?        S    2023  0:00 [ksoftirqd/22]\\nroot       141  0.0  0.0      0     0 ?        S    2023  0:00 [kworker/22:0]\\nroot       142  0.0  0.0      0     0 ?        S    2023  0:00 [migration/22]\\nroot       143  0.0  0.0      0     0 ?        S    2023  0:00 [watchdog/22]\\nroot       144  0.0  0.0      0     0 ?        S    2023  0:00 [kworker/22:1]\\nroot       145  0.0  0.0      0     0 ?        S    2023  0:00 [ksoftirqd/23]\\nroot       147  0.0  0.0      0     0 ?        S    2023  0:00 [kworker/23:0]\\nroot       148  0.0  0.0      0     0 ?        S    2023  0:00 [migration/23]\\nroot       149  0.0  0.0      0     0 ?        S    2023  0:00 [watchdog/23]\\nroot       150  0.0  0.0      0     0 ?        S    2023  0:00 [kworker/23:1]\\nroot       151  0.0  0.0      0     0 ?        S    2023  0:00 [ksoftirqd/24]\\nroot       153  0.0  0.0      0     0 ?        S    2023  0:00 [kworker/24:0]\\nroot       154  0.0  0.0      0     0 ?        S    2023  0:00 [migration/24]\\nroot       155  0.0  0.0      0     0 ?        S    2023  0:00 [watchdog/24]\\nroot       156  0.0  0.0      0     0 ?        S    2023  0:00 [kworker/24:1]\\nroot       157  0.0  0.0      0     0 ?        S    2023  0:00 [ksoftirqd/25]\\nroot       159  0.0  0.0      0     0 ?        S    2023  0:00 [kworker/25:0]\\nroot       160  0.0  0.0      0     0 ?        S    2023  0:00 [migration/25]\\nroot       161  0.0  0.0      0     0 ?        S    2023  0:00 [watchdog/25]\\nroot       162  0.0  0.0      0     0 ?        S    2023  0:00 [kworker/25:1]\\nroot       163  0.0  0.0      0     0 ?        S    2023  0:00 [ksoftirqd/26]\\nroot       165  0.0  0.0      0     0 ?        S    2023  0:00 [kworker/26:0]\\nroot       166  0.0  0.0      0     0 ?        S    2023  0:00 [migration/26]\\nroot       167  0.0  0.0      0     0 ?        S    2023  0:00 [watchdog/26]\\nroot       168  0.0  0.0      0     0 ?        S    2023  0:00 [kworker/26:1]\\nroot       169  0.0  0.0      0     0 ?        S    2023  0:00 [ksoftirqd/27]\\nroot       171  0.0  0.0      0     0 ?        S    2023  0:00 [kworker/27:0]\\nroot       172  0.0  0.0      0     0 ?        S    2023  0:00 [migration/27]\\nroot       173  0.0  0.0      0     0 ?        S    2023  0:00 [watchdog/27]\\nroot       174  0.0  0.0      0     0 ?        S    2023  0:00 [kworker/27:1]\\nroot       175  0.0  0.0      0     0 ?        S    2023  0:00 [ksoftirqd/28]\\nroot       177  0.0  0.0      0     0 ?        S    2023  0:00 [kworker/28:0]\\nroot       178  0.0  0.0      0     0 ?        S    2023 ", "output_parsed": null, "vfs_rejected": {"state_rejected": [], "fs_rejected": []}}, {"turn": 8, "timestamp": "2026-05-06T03:07:50.489723", "input": "netstat -tulnp", "output_raw": "{\n  \"stdout\": \"Active Internet connections (only servers)\\nProto Recv-Q Send-Q Local Address           Foreign Address         State       PID/Program name\\ntcp        0      0 127.0.0.1:3306          0.0.0.0:*               LISTEN      12345/mysqld\\nudp        0      0 127.0.0.1:123           0.0.0.0:*                           67890/chronyd\\nudp        0      0 0.0.0.0:68              0.0.0.0:*                           54321/dhclient\\n\",\n  \"stderr\": \"\",\n  \"current_user\": \"user\",\n  \"current_directory\": \"/home/user\",\n  \"fs_changes\": []\n}", "output_parsed": {"stdout": "Active Internet connections (only servers)\nProto Recv-Q Send-Q Local Address           Foreign Address         State       PID/Program name\ntcp        0      0 127.0.0.1:3306          0.0.0.0:*               LISTEN      12345/mysqld\nudp        0      0 127.0.0.1:123           0.0.0.0:*                           67890/chronyd\nudp        0      0 0.0.0.0:68              0.0.0.0:*                           54321/dhclient\n", "stderr": "", "current_user": "user", "current_directory": "/home/user", "fs_changes": []}, "vfs_rejected": {"state_rejected": [], "fs_rejected": []}}, {"turn": 9, "timestamp": "2026-05-06T03:07:51.496928", "input": "df -h", "output_raw": "{\n  \"stdout\": \"Filesystem      Size  Used Avail Use%\\n/dev/sda1      4.0G  1.4G  2.5G  36%\\n\\n\",\n  \"stderr\": \"\",\n  \"current_user\": \"user\",\n  \"current_directory\": \"/home/user\",\n  \"fs_changes\": []\n}", "output_parsed": {"stdout": "Filesystem      Size  Used Avail Use%\n/dev/sda1      4.0G  1.4G  2.5G  36%\n\n", "stderr": "", "current_user": "user", "current_directory": "/home/user", "fs_changes": []}, "vfs_rejected": {"state_rejected": [], "fs_rejected": []}}, {"turn": 10, "timestamp": "2026-05-06T03:07:53.165070", "input": "free -m", "output_raw": "{\n  \"stdout\": \"              total        used        free      shared  buff/cache   available\\nMem:          15943        1151       13491          14         1000        12731\\nSwap:             0           0           0\\n\",\n  \"stderr\": \"\",\n  \"current_user\": \"user\",\n  \"current_directory\": \"/home/user\",\n  \"fs_changes\": []\n}", "output_parsed": {"stdout": "              total        used        free      shared  buff/cache   available\nMem:          15943        1151       13491          14         1000        12731\nSwap:             0           0           0\n", "stderr": "", "current_user": "user", "current_directory": "/home/user", "fs_changes": []}, "vfs_rejected": {"state_rejected": [], "fs_rejected": []}}, {"turn": 11, "timestamp": "2026-05-06T03:07:53.984907", "input": "id", "output_raw": "{\n  \"stdout\": \"uid=1000(user) gid=1000(user) groups=1000(user)\\n\",\n  \"stderr\": \"\",\n  \"current_user\": \"user\",\n  \"current_directory\": \"/home/user\",\n  \"fs_changes\": []\n}", "output_parsed": {"stdout": "uid=1000(user) gid=1000(user) groups=1000(user)\n", "stderr": "", "current_user": "user", "current_directory": "/home/user", "fs_changes": []}, "vfs_rejected": {"state_rejected": [], "fs_rejected": []}}, {"turn": 12, "timestamp": "2026-05-06T03:07:55.267921", "input": "env", "output_raw": "{\n  \"stdout\": \"declare -x HOME=\\\"/home/user\\\"\\ndeclare -x LANG=\\\"en_US.UTF-8\\\"\\ndeclare -x PATH=\\\"/usr/local/sbin:/usr/local/bin:/usr/sbin:/usr/bin:/sbin:/bin\\\"\\ndeclare -x SHELL=\\\"/bin/bash\\\"\\ndeclare -x TERM=\\\"xterm\\\"\\n\",\n  \"stderr\": \"\",\n  \"current_user\": \"user\",\n  \"current_directory\": \"/home/user\",\n  \"fs_changes\": []\n}", "output_parsed": {"stdout": "declare -x HOME=\"/home/user\"\ndeclare -x LANG=\"en_US.UTF-8\"\ndeclare -x PATH=\"/usr/local/sbin:/usr/local/bin:/usr/sbin:/usr/bin:/sbin:/bin\"\ndeclare -x SHELL=\"/bin/bash\"\ndeclare -x TERM=\"xterm\"\n", "stderr": "", "current_user": "user", "current_directory": "/home/user", "fs_changes": []}, "vfs_rejected": {"state_rejected": [], "fs_rejected": []}}, {"turn": 13, "timestamp": "2026-05-06T03:07:56.031901", "input": "ifconfig", "output_raw": "{\n  \"stdout\": \"bash: ifconfig: command not found\",\n  \"stderr\": \"\",\n  \"current_user\": \"user\",\n  \"current_directory\": \"/home/user\",\n  \"fs_changes\": []\n}", "output_parsed": {"stdout": "bash: ifconfig: command not found", "stderr": "", "current_user": "user", "current_directory": "/home/user", "fs_changes": []}, "vfs_rejected": {"state_rejected": [], "fs_rejected": []}}, {"turn": 14, "timestamp": "2026-05-06T03:07:56.823746", "input": "ip a", "output_raw": "{\n  \"stdout\": \"\",\n  \"stderr\": \"bash: ip: command not found\",\n  \"current_user\": \"user\",\n  \"current_directory\": \"/home/user\",\n  \"fs_changes\": []\n}", "output_parsed": {"stdout": "", "stderr": "bash: ip: command not found", "current_user": "user", "current_directory": "/home/user", "fs_changes": []}, "vfs_rejected": {"state_rejected": [], "fs_rejected": []}}, {"turn": 15, "timestamp": "2026-05-06T03:07:58.083091", "input": "uptime", "output_raw": "{\n  \"stdout\": \"  up 2 days,  2:12,  0 users,  load average: 0.00, 0.00, 0.00\\n\",\n  \"stderr\": \"\",\n  \"current_user\": \"user\",\n  \"current_directory\": \"/home/user\",\n  \"fs_changes\": []\n}", "output_parsed": {"stdout": "  up 2 days,  2:12,  0 users,  load average: 0.00, 0.00, 0.00\n", "stderr": "", "current_user": "user", "current_directory": "/home/user", "fs_changes": []}, "vfs_rejected": {"state_rejected": [], "fs_rejected": []}}, {"turn": 16, "timestamp": "2026-05-06T03:07:58.902429", "input": "last", "output_raw": "{\n  \"stdout\": \"last: /var/log/wtmp: No such file or directory\\n\",\n  \"stderr\": \"\",\n  \"current_user\": \"user\",\n  \"current_directory\": \"/home/user\",\n  \"fs_changes\": []\n}", "output_parsed": {"stdout": "last: /var/log/wtmp: No such file or directory\n", "stderr": "", "current_user": "user", "current_directory": "/home/user", "fs_changes": []}, "vfs_rejected": {"state_rejected": [], "fs_rejected": []}}]}
